Archive member included to satisfy reference by file (symbol)

c:/program files (x86)/atmel/studio/7.0/toolchain/arm/arm-gnu-toolchain/bin/../lib/gcc/arm-none-eabi/6.3.1/../../../../arm-none-eabi/lib/thumb/v7-m\libc.a(lib_a-exit.o)
                              c:/program files (x86)/atmel/studio/7.0/toolchain/arm/arm-gnu-toolchain/bin/../lib/gcc/arm-none-eabi/6.3.1/../../../../arm-none-eabi/lib/thumb/v7-m/crt0.o (exit)
c:/program files (x86)/atmel/studio/7.0/toolchain/arm/arm-gnu-toolchain/bin/../lib/gcc/arm-none-eabi/6.3.1/../../../../arm-none-eabi/lib/thumb/v7-m\libc.a(lib_a-impure.o)
                              c:/program files (x86)/atmel/studio/7.0/toolchain/arm/arm-gnu-toolchain/bin/../lib/gcc/arm-none-eabi/6.3.1/../../../../arm-none-eabi/lib/thumb/v7-m\libc.a(lib_a-exit.o) (_global_impure_ptr)
c:/program files (x86)/atmel/studio/7.0/toolchain/arm/arm-gnu-toolchain/bin/../lib/gcc/arm-none-eabi/6.3.1/../../../../arm-none-eabi/lib/thumb/v7-m\libc.a(lib_a-init.o)
                              c:/program files (x86)/atmel/studio/7.0/toolchain/arm/arm-gnu-toolchain/bin/../lib/gcc/arm-none-eabi/6.3.1/../../../../arm-none-eabi/lib/thumb/v7-m/crt0.o (__libc_init_array)
c:/program files (x86)/atmel/studio/7.0/toolchain/arm/arm-gnu-toolchain/bin/../lib/gcc/arm-none-eabi/6.3.1/../../../../arm-none-eabi/lib/thumb/v7-m\libc.a(lib_a-iprintf.o)
                              src/main.o (iprintf)
c:/program files (x86)/atmel/studio/7.0/toolchain/arm/arm-gnu-toolchain/bin/../lib/gcc/arm-none-eabi/6.3.1/../../../../arm-none-eabi/lib/thumb/v7-m\libc.a(lib_a-memcpy.o)
                              src/ASF/sam/utils/header_files/flash_efc.o (memcpy)
c:/program files (x86)/atmel/studio/7.0/toolchain/arm/arm-gnu-toolchain/bin/../lib/gcc/arm-none-eabi/6.3.1/../../../../arm-none-eabi/lib/thumb/v7-m\libc.a(lib_a-memset.o)
                              c:/program files (x86)/atmel/studio/7.0/toolchain/arm/arm-gnu-toolchain/bin/../lib/gcc/arm-none-eabi/6.3.1/../../../../arm-none-eabi/lib/thumb/v7-m/crt0.o (memset)
c:/program files (x86)/atmel/studio/7.0/toolchain/arm/arm-gnu-toolchain/bin/../lib/gcc/arm-none-eabi/6.3.1/../../../../arm-none-eabi/lib/thumb/v7-m\libc.a(lib_a-setbuf.o)
                              src/main.o (setbuf)
c:/program files (x86)/atmel/studio/7.0/toolchain/arm/arm-gnu-toolchain/bin/../lib/gcc/arm-none-eabi/6.3.1/../../../../arm-none-eabi/lib/thumb/v7-m\libc.a(lib_a-setvbuf.o)
                              c:/program files (x86)/atmel/studio/7.0/toolchain/arm/arm-gnu-toolchain/bin/../lib/gcc/arm-none-eabi/6.3.1/../../../../arm-none-eabi/lib/thumb/v7-m\libc.a(lib_a-setbuf.o) (setvbuf)
c:/program files (x86)/atmel/studio/7.0/toolchain/arm/arm-gnu-toolchain/bin/../lib/gcc/arm-none-eabi/6.3.1/../../../../arm-none-eabi/lib/thumb/v7-m\libc.a(lib_a-vfiprintf.o)
                              c:/program files (x86)/atmel/studio/7.0/toolchain/arm/arm-gnu-toolchain/bin/../lib/gcc/arm-none-eabi/6.3.1/../../../../arm-none-eabi/lib/thumb/v7-m\libc.a(lib_a-iprintf.o) (_vfiprintf_r)
c:/program files (x86)/atmel/studio/7.0/toolchain/arm/arm-gnu-toolchain/bin/../lib/gcc/arm-none-eabi/6.3.1/../../../../arm-none-eabi/lib/thumb/v7-m\libc.a(lib_a-wsetup.o)
                              c:/program files (x86)/atmel/studio/7.0/toolchain/arm/arm-gnu-toolchain/bin/../lib/gcc/arm-none-eabi/6.3.1/../../../../arm-none-eabi/lib/thumb/v7-m\libc.a(lib_a-vfiprintf.o) (__swsetup_r)
c:/program files (x86)/atmel/studio/7.0/toolchain/arm/arm-gnu-toolchain/bin/../lib/gcc/arm-none-eabi/6.3.1/../../../../arm-none-eabi/lib/thumb/v7-m\libc.a(lib_a-__call_atexit.o)
                              c:/program files (x86)/atmel/studio/7.0/toolchain/arm/arm-gnu-toolchain/bin/../lib/gcc/arm-none-eabi/6.3.1/../../../../arm-none-eabi/lib/thumb/v7-m\libc.a(lib_a-exit.o) (__call_exitprocs)
c:/program files (x86)/atmel/studio/7.0/toolchain/arm/arm-gnu-toolchain/bin/../lib/gcc/arm-none-eabi/6.3.1/../../../../arm-none-eabi/lib/thumb/v7-m\libc.a(lib_a-atexit.o)
                              c:/program files (x86)/atmel/studio/7.0/toolchain/arm/arm-gnu-toolchain/bin/../lib/gcc/arm-none-eabi/6.3.1/../../../../arm-none-eabi/lib/thumb/v7-m\libc.a(lib_a-__call_atexit.o) (atexit)
c:/program files (x86)/atmel/studio/7.0/toolchain/arm/arm-gnu-toolchain/bin/../lib/gcc/arm-none-eabi/6.3.1/../../../../arm-none-eabi/lib/thumb/v7-m\libc.a(lib_a-fflush.o)
                              c:/program files (x86)/atmel/studio/7.0/toolchain/arm/arm-gnu-toolchain/bin/../lib/gcc/arm-none-eabi/6.3.1/../../../../arm-none-eabi/lib/thumb/v7-m\libc.a(lib_a-setvbuf.o) (_fflush_r)
c:/program files (x86)/atmel/studio/7.0/toolchain/arm/arm-gnu-toolchain/bin/../lib/gcc/arm-none-eabi/6.3.1/../../../../arm-none-eabi/lib/thumb/v7-m\libc.a(lib_a-findfp.o)
                              c:/program files (x86)/atmel/studio/7.0/toolchain/arm/arm-gnu-toolchain/bin/../lib/gcc/arm-none-eabi/6.3.1/../../../../arm-none-eabi/lib/thumb/v7-m\libc.a(lib_a-setvbuf.o) (__sinit)
[...]
Memory Configuration

Name             Origin             Length             Attributes
rom              0x00080000         0x00080000         xr
sram0            0x20000000         0x00010000         xrw
sram1            0x20080000         0x00008000         xrw
ram              0x20070000         0x00018000         xrw
*default*        0x00000000         0xffffffff

Linker script and memory map

LOAD c:/program files (x86)/atmel/studio/7.0/toolchain/arm/arm-gnu-toolchain/bin/../lib/gcc/arm-none-eabi/6.3.1/thumb/v7-m/crti.o
LOAD c:/program files (x86)/atmel/studio/7.0/toolchain/arm/arm-gnu-toolchain/bin/../lib/gcc/arm-none-eabi/6.3.1/thumb/v7-m/crtbegin.o
LOAD c:/program files (x86)/atmel/studio/7.0/toolchain/arm/arm-gnu-toolchain/bin/../lib/gcc/arm-none-eabi/6.3.1/../../../../arm-none-eabi/lib/thumb/v7-m/crt0.o
LOAD src/ASF/common/services/clock/sam3x/sysclk.o
LOAD src/ASF/common/services/serial/usart_serial.o
LOAD src/ASF/common/utils/interrupt/interrupt_sam_nvic.o
LOAD src/ASF/common/utils/stdio/read.o
LOAD src/ASF/common/utils/stdio/write.o
LOAD src/ASF/sam/boards/arduino_due_x/init.o
LOAD src/ASF/sam/drivers/pio/pio.o
LOAD src/ASF/sam/drivers/pio/pio_handler.o
LOAD src/ASF/sam/drivers/pmc/pmc.o
LOAD src/ASF/sam/drivers/pmc/sleep.o
LOAD src/ASF/sam/drivers/tc/tc.o
LOAD src/ASF/sam/drivers/uart/uart.o
LOAD src/ASF/sam/drivers/usart/usart.o
LOAD src/ASF/sam/utils/cmsis/sam3x/source/templates/exceptions.o
LOAD src/ASF/sam/utils/cmsis/sam3x/source/templates/gcc/startup_sam3x.o
LOAD src/ASF/sam/utils/cmsis/sam3x/source/templates/system_sam3x.o
LOAD src/ASF/sam/utils/header_files/CAN.o
LOAD src/ASF/sam/utils/header_files/efc.o
LOAD src/ASF/sam/utils/header_files/flash_efc.o
LOAD src/ASF/sam/utils/syscalls/gcc/syscalls.o
LOAD src/main.o
START GROUP
LOAD ../src/ASF/thirdparty/CMSIS/Lib/GCC\libarm_cortexM3l_math.a
LOAD c:/program files (x86)/atmel/studio/7.0/toolchain/arm/arm-gnu-toolchain/bin/../lib/gcc/arm-none-eabi/6.3.1/../../../../arm-none-eabi/lib/thumb/v7-m\libm.a
END GROUP
Address of section .text set to 0xc0000
START GROUP
LOAD c:/program files (x86)/atmel/studio/7.0/toolchain/arm/arm-gnu-toolchain/bin/../lib/gcc/arm-none-eabi/6.3.1/thumb/v7-m\libgcc.a
LOAD c:/program files (x86)/atmel/studio/7.0/toolchain/arm/arm-gnu-toolchain/bin/../lib/gcc/arm-none-eabi/6.3.1/../../../../arm-none-eabi/lib/thumb/v7-m\libc.a
END GROUP
LOAD c:/program files (x86)/atmel/studio/7.0/toolchain/arm/arm-gnu-toolchain/bin/../lib/gcc/arm-none-eabi/6.3.1/thumb/v7-m/crtend.o
LOAD c:/program files (x86)/atmel/studio/7.0/toolchain/arm/arm-gnu-toolchain/bin/../lib/gcc/arm-none-eabi/6.3.1/thumb/v7-m/crtn.o
                0x00002000                __stack_size__ = DEFINED (__stack_size__)?__stack_size__:0x2000
                0x20087ffc                __ram_end__ = ((ORIGIN (ram) + LENGTH (ram)) - 0x4)

.text           0x000c0000     0x4228
                0x000c0000                . = ALIGN (0x4)
                0x000c0000                _sfixed = .
 *(.vectors .vectors.*)
 .vectors       0x000c0000       0xf4 src/ASF/sam/utils/cmsis/sam3x/source/templates/gcc/startup_sam3x.o
                0x000c0000                exception_table
 *(.text .text.* .gnu.linkonce.t.*)
 .text          0x000c00f4       0x6c c:/program files (x86)/atmel/studio/7.0/toolchain/arm/arm-gnu-toolchain/bin/../lib/gcc/arm-none-eabi/6.3.1/thumb/v7-m/crtbegin.o
 .text.sysclk_init
                0x000c0160       0x64 src/ASF/common/services/clock/sam3x/sysclk.o
                0x000c0160                sysclk_init
 .text._read    0x000c01c4       0x3c src/ASF/common/utils/stdio/read.o
                0x000c01c4                _read
 .text._write   0x000c0200       0x50 src/ASF/common/utils/stdio/write.o
                0x000c0200                _write
 .text.board_init
                0x000c0250       0x70 src/ASF/sam/boards/arduino_due_x/init.o
                0x000c0250                board_init
 .text.pio_set_debounce_filter
                0x000c02c0       0x1a src/ASF/sam/drivers/pio/pio.o
                0x000c02c0                pio_set_debounce_filter
 .text.pio_set_peripheral
                0x000c02da       0x3e src/ASF/sam/drivers/pio/pio.o
                0x000c02da                pio_set_peripheral
 .text.pio_set_input
                0x000c0318       0x32 src/ASF/sam/drivers/pio/pio.o
                0x000c0318                pio_set_input
 .text.pio_set_output
                0x000c034a       0x26 src/ASF/sam/drivers/pio/pio.o
                0x000c034a                pio_set_output
 .text.pio_configure_interrupt
                0x000c0370       0x2e src/ASF/sam/drivers/pio/pio.o
                0x000c0370                pio_configure_interrupt
 .text.pio_enable_interrupt
                0x000c039e        0x4 src/ASF/sam/drivers/pio/pio.o
                0x000c039e                pio_enable_interrupt
 .text.pio_disable_interrupt
                0x000c03a2        0x4 src/ASF/sam/drivers/pio/pio.o
                0x000c03a2                pio_disable_interrupt
 .text.pio_get_interrupt_status
                0x000c03a6        0x4 src/ASF/sam/drivers/pio/pio.o
                0x000c03a6                pio_get_interrupt_status
 .text.pio_get_interrupt_mask
                0x000c03aa        0x4 src/ASF/sam/drivers/pio/pio.o
                0x000c03aa                pio_get_interrupt_mask
 *fill*         0x000c03ae        0x2 
 .text.pio_configure_pin
                0x000c03b0       0xd0 src/ASF/sam/drivers/pio/pio.o
                0x000c03b0                pio_configure_pin
 .text.pio_configure_pin_group
                0x000c0480       0x9c src/ASF/sam/drivers/pio/pio.o
                0x000c0480                pio_configure_pin_group
 .text.pio_handler_process
                0x000c051c       0x50 src/ASF/sam/drivers/pio/pio_handler.o
                0x000c051c                pio_handler_process
 .text.pio_handler_set
                0x000c056c       0x70 src/ASF/sam/drivers/pio/pio_handler.o
                0x000c056c                pio_handler_set
 .text.PIOA_Handler
                0x000c05dc       0x14 src/ASF/sam/drivers/pio/pio_handler.o
                0x000c05dc                PIOA_Handler
 .text.PIOB_Handler
                0x000c05f0       0x14 src/ASF/sam/drivers/pio/pio_handler.o
                0x000c05f0                PIOB_Handler
 .text.PIOC_Handler
                0x000c0604       0x14 src/ASF/sam/drivers/pio/pio_handler.o
                0x000c0604                PIOC_Handler
 .text.PIOD_Handler
                0x000c0618       0x14 src/ASF/sam/drivers/pio/pio_handler.o
                0x000c0618                PIOD_Handler
 .text.pio_handler_set_priority
                0x000c062c       0x84 src/ASF/sam/drivers/pio/pio_handler.o
                0x000c062c                pio_handler_set_priority
 .text.pmc_switch_mck_to_pllack
                0x000c06b0       0x64 src/ASF/sam/drivers/pmc/pmc.o
                0x000c06b0                pmc_switch_mck_to_pllack
 .text.pmc_switch_mainck_to_xtal
                0x000c0714       0x54 src/ASF/sam/drivers/pmc/pmc.o
                0x000c0714                pmc_switch_mainck_to_xtal
 .text.pmc_osc_is_ready_mainck
                0x000c0768       0x10 src/ASF/sam/drivers/pmc/pmc.o
                0x000c0768                pmc_osc_is_ready_mainck
 .text.pmc_disable_pllack
                0x000c0778       0x10 src/ASF/sam/drivers/pmc/pmc.o
                0x000c0778                pmc_disable_pllack
 .text.pmc_is_locked_pllack
                0x000c0788       0x10 src/ASF/sam/drivers/pmc/pmc.o
                0x000c0788                pmc_is_locked_pllack
 .text.pmc_enable_periph_clk
                0x000c0798       0x20 src/ASF/sam/drivers/pmc/pmc.o
                0x000c0798                pmc_enable_periph_clk
 .text.tc_init  0x000c07b8       0x18 src/ASF/sam/drivers/tc/tc.o
                0x000c07b8                tc_init
 .text.tc_start
                0x000c07d0        0x8 src/ASF/sam/drivers/tc/tc.o
                0x000c07d0                tc_start
 .text.tc_stop  0x000c07d8        0x8 src/ASF/sam/drivers/tc/tc.o
                0x000c07d8                tc_stop
 .text.tc_write_rc
                0x000c07e0        0x8 src/ASF/sam/drivers/tc/tc.o
                0x000c07e0                tc_write_rc
 .text.tc_enable_interrupt
                0x000c07e8        0x8 src/ASF/sam/drivers/tc/tc.o
                0x000c07e8                tc_enable_interrupt
 .text.tc_get_status
                0x000c07f0        0x8 src/ASF/sam/drivers/tc/tc.o
                0x000c07f0                tc_get_status
 .text.tc_find_mck_divisor
                0x000c07f8       0x70 src/ASF/sam/drivers/tc/tc.o
                0x000c07f8                tc_find_mck_divisor
 .text.uart_init
                0x000c0868       0x36 src/ASF/sam/drivers/uart/uart.o
                0x000c0868                uart_init
 .text.uart_write
                0x000c089e       0x10 src/ASF/sam/drivers/uart/uart.o
                0x000c089e                uart_write
 .text.uart_read
                0x000c08ae       0x12 src/ASF/sam/drivers/uart/uart.o
                0x000c08ae                uart_read
 .text.usart_write
                0x000c08c0       0x14 src/ASF/sam/drivers/usart/usart.o
                0x000c08c0                usart_write
 .text.usart_read
                0x000c08d4       0x18 src/ASF/sam/drivers/usart/usart.o
                0x000c08d4                usart_read
 .text.Dummy_Handler
                0x000c08ec        0x2 src/ASF/sam/utils/cmsis/sam3x/source/templates/exceptions.o
                0x000c08ec                DACC_Handler
                0x000c08ec                DebugMon_Handler
                0x000c08ec                DMAC_Handler
                0x000c08ec                TRNG_Handler
                0x000c08ec                HardFault_Handler
                0x000c08ec                TC2_Handler
                0x000c08ec                USART3_Handler
                0x000c08ec                TWI1_Handler
                0x000c08ec                PendSV_Handler
                0x000c08ec                NMI_Handler
                0x000c08ec                TC7_Handler
                0x000c08ec                ADC_Handler
                0x000c08ec                SMC_Handler
                0x000c08ec                USART0_Handler
                0x000c08ec                RTT_Handler
                0x000c08ec                EFC1_Handler
                0x000c08ec                RTC_Handler
                0x000c08ec                UsageFault_Handler
                0x000c08ec                TC6_Handler
                0x000c08ec                WDT_Handler
                0x000c08ec                CAN0_Handler
                0x000c08ec                TC4_Handler
                0x000c08ec                TC1_Handler
                0x000c08ec                HSMCI_Handler
                0x000c08ec                TC3_Handler
                0x000c08ec                Dummy_Handler
                0x000c08ec                TWI0_Handler
                0x000c08ec                USART1_Handler
                0x000c08ec                SSC_Handler
                0x000c08ec                EFC0_Handler
                0x000c08ec                PMC_Handler
                0x000c08ec                PWM_Handler
                0x000c08ec                CAN1_Handler
                0x000c08ec                MemManage_Handler
                0x000c08ec                SUPC_Handler
                0x000c08ec                SVC_Handler
                0x000c08ec                TC8_Handler
                0x000c08ec                USART2_Handler
                0x000c08ec                EMAC_Handler
                0x000c08ec                UART_Handler
                0x000c08ec                BusFault_Handler
                0x000c08ec                RSTC_Handler
                0x000c08ec                TC5_Handler
                0x000c08ec                UOTGHS_Handler
                0x000c08ec                SPI0_Handler
 *fill*         0x000c08ee        0x2 
 .text.Reset_Handler
                0x000c08f0       0x98 src/ASF/sam/utils/cmsis/sam3x/source/templates/gcc/startup_sam3x.o
                0x000c08f0                Reset_Handler
 .text.SystemCoreClockUpdate
                0x000c0988      0x118 src/ASF/sam/utils/cmsis/sam3x/source/templates/system_sam3x.o
                0x000c0988                SystemCoreClockUpdate
 .text.efc_get_wait_state
                0x000c0aa0        0x8 src/ASF/sam/utils/header_files/efc.o
                0x000c0aa0                efc_get_wait_state
 .text.efc_get_result
                0x000c0aa8        0x4 src/ASF/sam/utils/header_files/efc.o
                0x000c0aa8                efc_get_result
 .text.efc_set_wait_state
                0x000c0aac       0x1c src/ASF/sam/utils/header_files/efc.o
                0x000c0aac                efc_set_wait_state
 .text.efc_perform_command
                0x000c0ac8       0x5c src/ASF/sam/utils/header_files/efc.o
                0x000c0ac8                efc_perform_command
 .text.flash_write
                0x000c0b24       0xe8 src/ASF/sam/utils/header_files/flash_efc.o
                0x000c0b24                flash_write
 .text.flash_is_gpnvm_set
                0x000c0c0c       0x40 src/ASF/sam/utils/header_files/flash_efc.o
                0x000c0c0c                flash_is_gpnvm_set
 .text.flash_clear_gpnvm
                0x000c0c4c       0x38 src/ASF/sam/utils/header_files/flash_efc.o
                0x000c0c4c                flash_clear_gpnvm
 .text._sbrk    0x000c0c84       0x38 src/ASF/sam/utils/syscalls/gcc/syscalls.o
                0x000c0c84                _sbrk
 .text._close   0x000c0cbc        0x6 src/ASF/sam/utils/syscalls/gcc/syscalls.o
                0x000c0cbc                _close
 .text._fstat   0x000c0cc2        0xa src/ASF/sam/utils/syscalls/gcc/syscalls.o
                0x000c0cc2                _fstat
 .text._isatty  0x000c0ccc        0x4 src/ASF/sam/utils/syscalls/gcc/syscalls.o
                0x000c0ccc                _isatty
 .text._lseek   0x000c0cd0        0x4 src/ASF/sam/utils/syscalls/gcc/syscalls.o
                0x000c0cd0                _lseek
 .text.usart_serial_getchar
                0x000c0cd4       0xac src/main.o
 .text.usart_serial_putchar
                0x000c0d80       0x9c src/main.o
 .text.Button2_Handler
                0x000c0e1c       0x54 src/main.o
 .text.Button1_Handler
                0x000c0e70       0x30 src/main.o
 .text.SysTick_Handler
                0x000c0ea0       0x10 src/main.o
                0x000c0ea0                SysTick_Handler
 .text.TC0_Handler
                0x000c0eb0       0x38 src/main.o
                0x000c0eb0                TC0_Handler
 .text.main     0x000c0ee8      0x2a0 src/main.o
                0x000c0ee8                main
 .text.__libc_init_array
                0x000c1188       0x50 c:/program files (x86)/atmel/studio/7.0/toolchain/arm/arm-gnu-toolchain/bin/../lib/gcc/arm-none-eabi/6.3.1/../../../../arm-none-eabi/lib/thumb/v7-m\libc.a(lib_a-init.o)
                0x000c1188                __libc_init_array
 .text.iprintf  0x000c11d8       0x28 c:/program files (x86)/atmel/studio/7.0/toolchain/arm/arm-gnu-toolchain/bin/../lib/gcc/arm-none-eabi/6.3.1/../../../../arm-none-eabi/lib/thumb/v7-m\libc.a(lib_a-iprintf.o)
                0x000c11d8                iprintf
 .text          0x000c1200       0xec c:/program files (x86)/atmel/studio/7.0/toolchain/arm/arm-gnu-toolchain/bin/../lib/gcc/arm-none-eabi/6.3.1/../../../../arm-none-eabi/lib/thumb/v7-m\libc.a(lib_a-memcpy.o)
                0x000c1200                memcpy
 .text.memset   0x000c12ec       0x9c c:/program files (x86)/atmel/studio/7.0/toolchain/arm/arm-gnu-toolchain/bin/../lib/gcc/arm-none-eabi/6.3.1/../../../../arm-none-eabi/lib/thumb/v7-m\libc.a(lib_a-memset.o)
                0x000c12ec                memset
 .text.setbuf   0x000c1388       0x10 c:/program files (x86)/atmel/studio/7.0/toolchain/arm/arm-gnu-toolchain/bin/../lib/gcc/arm-none-eabi/6.3.1/../../../../arm-none-eabi/lib/thumb/v7-m\libc.a(lib_a-setbuf.o)
                0x000c1388                setbuf
 .text.setvbuf  0x000c1398      0x190 c:/program files (x86)/atmel/studio/7.0/toolchain/arm/arm-gnu-toolchain/bin/../lib/gcc/arm-none-eabi/6.3.1/../../../../arm-none-eabi/lib/thumb/v7-m\libc.a(lib_a-setvbuf.o)
                0x000c1398                setvbuf
 .text.__sprint_r.part.0
                0x000c1528       0x80 c:/program files (x86)/atmel/studio/7.0/toolchain/arm/arm-gnu-toolchain/bin/../lib/gcc/arm-none-eabi/6.3.1/../../../../arm-none-eabi/lib/thumb/v7-m\libc.a(lib_a-vfiprintf.o)
 .text._vfiprintf_r
                0x000c15a8      0xc88 c:/program files (x86)/atmel/studio/7.0/toolchain/arm/arm-gnu-toolchain/bin/../lib/gcc/arm-none-eabi/6.3.1/../../../../arm-none-eabi/lib/thumb/v7-m\libc.a(lib_a-vfiprintf.o)
                0x000c15a8                _vfiprintf_r
 .text.__sbprintf
                0x000c2230       0x88 c:/program files (x86)/atmel/studio/7.0/toolchain/arm/arm-gnu-toolchain/bin/../lib/gcc/arm-none-eabi/6.3.1/../../../../arm-none-eabi/lib/thumb/v7-m\libc.a(lib_a-vfiprintf.o)
 .text.__swsetup_r
                0x000c22b8       0xc8 c:/program files (x86)/atmel/studio/7.0/toolchain/arm/arm-gnu-toolchain/bin/../lib/gcc/arm-none-eabi/6.3.1/../../../../arm-none-eabi/lib/thumb/v7-m\libc.a(lib_a-wsetup.o)
                0x000c22b8                __swsetup_r
 .text.startup.register_fini
                0x000c2380       0x14 c:/program files (x86)/atmel/studio/7.0/toolchain/arm/arm-gnu-toolchain/bin/../lib/gcc/arm-none-eabi/6.3.1/../../../../arm-none-eabi/lib/thumb/v7-m\libc.a(lib_a-__call_atexit.o)
 .text.atexit   0x000c2394        0xc c:/program files (x86)/atmel/studio/7.0/toolchain/arm/arm-gnu-toolchain/bin/../lib/gcc/arm-none-eabi/6.3.1/../../../../arm-none-eabi/lib/thumb/v7-m\libc.a(lib_a-atexit.o)
                0x000c2394                atexit
 .text.__sflush_r
                0x000c23a0      0x138 c:/program files (x86)/atmel/studio/7.0/toolchain/arm/arm-gnu-toolchain/bin/../lib/gcc/arm-none-eabi/6.3.1/../../../../arm-none-eabi/lib/thumb/v7-m\libc.a(lib_a-fflush.o)
                0x000c23a0                __sflush_r
 .text._fflush_r
                0x000c24d8       0x54 c:/program files (x86)/atmel/studio/7.0/toolchain/arm/arm-gnu-toolchain/bin/../lib/gcc/arm-none-eabi/6.3.1/../../../../arm-none-eabi/lib/thumb/v7-m\libc.a(lib_a-fflush.o)
                0x000c24d8                _fflush_r
 .text._cleanup_r
                0x000c252c        0xc c:/program files (x86)/atmel/studio/7.0/toolchain/arm/arm-gnu-toolchain/bin/../lib/gcc/arm-none-eabi/6.3.1/../../../../arm-none-eabi/lib/thumb/v7-m\libc.a(lib_a-findfp.o)
                0x000c252c                _cleanup_r
 .text.std.isra.0
                0x000c2538       0x50 c:/program files (x86)/atmel/studio/7.0/toolchain/arm/arm-gnu-toolchain/bin/../lib/gcc/arm-none-eabi/6.3.1/../../../../arm-none-eabi/lib/thumb/v7-m\libc.a(lib_a-findfp.o)
 .text.__sinit  0x000c2588       0x60 c:/program files (x86)/atmel/studio/7.0/toolchain/arm/arm-gnu-toolchain/bin/../lib/gcc/arm-none-eabi/6.3.1/../../../../arm-none-eabi/lib/thumb/v7-m\libc.a(lib_a-findfp.o)
                0x000c2588                __sinit
 .text.__sfp_lock_acquire
                0x000c25e8        0xc c:/program files (x86)/atmel/studio/7.0/toolchain/arm/arm-gnu-toolchain/bin/../lib/gcc/arm-none-eabi/6.3.1/../../../../arm-none-eabi/lib/thumb/v7-m\libc.a(lib_a-findfp.o)
                0x000c25e8                __sfp_lock_acquire
 .text.__sfp_lock_release
                0x000c25f4        0xc c:/program files (x86)/atmel/studio/7.0/toolchain/arm/arm-gnu-toolchain/bin/../lib/gcc/arm-none-eabi/6.3.1/../../../../arm-none-eabi/lib/thumb/v7-m\libc.a(lib_a-findfp.o)
                0x000c25f4                __sfp_lock_release
 .text.__libc_fini_array
                0x000c2600       0x34 c:/program files (x86)/atmel/studio/7.0/toolchain/arm/arm-gnu-toolchain/bin/../lib/gcc/arm-none-eabi/6.3.1/../../../../arm-none-eabi/lib/thumb/v7-m\libc.a(lib_a-fini.o)
                0x000c2600                __libc_fini_array
 .text.__fputwc
                0x000c2634       0x98 c:/program files (x86)/atmel/studio/7.0/toolchain/arm/arm-gnu-toolchain/bin/../lib/gcc/arm-none-eabi/6.3.1/../../../../arm-none-eabi/lib/thumb/v7-m\libc.a(lib_a-fputwc.o)
                0x000c2634                __fputwc
 .text._fputwc_r
                0x000c26cc       0x68 c:/program files (x86)/atmel/studio/7.0/toolchain/arm/arm-gnu-toolchain/bin/../lib/gcc/arm-none-eabi/6.3.1/../../../../arm-none-eabi/lib/thumb/v7-m\libc.a(lib_a-fputwc.o)
                0x000c26cc                _fputwc_r
 .text._malloc_trim_r
                0x000c2734       0xa0 c:/program files (x86)/atmel/studio/7.0/toolchain/arm/arm-gnu-toolchain/bin/../lib/gcc/arm-none-eabi/6.3.1/../../../../arm-none-eabi/lib/thumb/v7-m\libc.a(lib_a-freer.o)
                0x000c2734                _malloc_trim_r
 .text._free_r  0x000c27d4      0x1cc c:/program files (x86)/atmel/studio/7.0/toolchain/arm/arm-gnu-toolchain/bin/../lib/gcc/arm-none-eabi/6.3.1/../../../../arm-none-eabi/lib/thumb/v7-m\libc.a(lib_a-freer.o)
                0x000c27d4                _free_r
 .text.__sfvwrite_r
                0x000c29a0      0x2f4 c:/program files (x86)/atmel/studio/7.0/toolchain/arm/arm-gnu-toolchain/bin/../lib/gcc/arm-none-eabi/6.3.1/../../../../arm-none-eabi/lib/thumb/v7-m\libc.a(lib_a-fvwrite.o)
                0x000c29a0                __sfvwrite_r
 .text._fwalk_reent
                0x000c2c94       0x50 c:/program files (x86)/atmel/studio/7.0/toolchain/arm/arm-gnu-toolchain/bin/../lib/gcc/arm-none-eabi/6.3.1/../../../../arm-none-eabi/lib/thumb/v7-m\libc.a(lib_a-fwalk.o)
                0x000c2c94                _fwalk_reent
 .text.__locale_mb_cur_max
                0x000c2ce4       0x1c c:/program files (x86)/atmel/studio/7.0/toolchain/arm/arm-gnu-toolchain/bin/../lib/gcc/arm-none-eabi/6.3.1/../../../../arm-none-eabi/lib/thumb/v7-m\libc.a(lib_a-locale.o)
                0x000c2ce4                __locale_mb_cur_max
 .text.__retarget_lock_init_recursive
                0x000c2d00        0x4 c:/program files (x86)/atmel/studio/7.0/toolchain/arm/arm-gnu-toolchain/bin/../lib/gcc/arm-none-eabi/6.3.1/../../../../arm-none-eabi/lib/thumb/v7-m\libc.a(lib_a-lock.o)
                0x000c2d00                __retarget_lock_init_recursive
 .text.__retarget_lock_close_recursive
                0x000c2d04        0x4 c:/program files (x86)/atmel/studio/7.0/toolchain/arm/arm-gnu-toolchain/bin/../lib/gcc/arm-none-eabi/6.3.1/../../../../arm-none-eabi/lib/thumb/v7-m\libc.a(lib_a-lock.o)
                0x000c2d04                __retarget_lock_close_recursive
 .text.__retarget_lock_acquire_recursive
                0x000c2d08        0x4 c:/program files (x86)/atmel/studio/7.0/toolchain/arm/arm-gnu-toolchain/bin/../lib/gcc/arm-none-eabi/6.3.1/../../../../arm-none-eabi/lib/thumb/v7-m\libc.a(lib_a-lock.o)
                0x000c2d08                __retarget_lock_acquire_recursive
 .text.__retarget_lock_release_recursive
                0x000c2d0c        0x4 c:/program files (x86)/atmel/studio/7.0/toolchain/arm/arm-gnu-toolchain/bin/../lib/gcc/arm-none-eabi/6.3.1/../../../../arm-none-eabi/lib/thumb/v7-m\libc.a(lib_a-lock.o)
                0x000c2d0c                __retarget_lock_release_recursive
 .text.__swhatbuf_r
                0x000c2d10       0x5c c:/program files (x86)/atmel/studio/7.0/toolchain/arm/arm-gnu-toolchain/bin/../lib/gcc/arm-none-eabi/6.3.1/../../../../arm-none-eabi/lib/thumb/v7-m\libc.a(lib_a-makebuf.o)
                0x000c2d10                __swhatbuf_r
 .text.__smakebuf_r
                0x000c2d6c       0x94 c:/program files (x86)/atmel/studio/7.0/toolchain/arm/arm-gnu-toolchain/bin/../lib/gcc/arm-none-eabi/6.3.1/../../../../arm-none-eabi/lib/thumb/v7-m\libc.a(lib_a-makebuf.o)
                0x000c2d6c                __smakebuf_r
 .text.malloc   0x000c2e00       0x10 c:/program files (x86)/atmel/studio/7.0/toolchain/arm/arm-gnu-toolchain/bin/../lib/gcc/arm-none-eabi/6.3.1/../../../../arm-none-eabi/lib/thumb/v7-m\libc.a(lib_a-malloc.o)
                0x000c2e00                malloc
 .text._malloc_r
                0x000c2e10      0x544 c:/program files (x86)/atmel/studio/7.0/toolchain/arm/arm-gnu-toolchain/bin/../lib/gcc/arm-none-eabi/6.3.1/../../../../arm-none-eabi/lib/thumb/v7-m\libc.a(lib_a-mallocr.o)
                0x000c2e10                _malloc_r
 .text.__ascii_mbtowc
                0x000c3354       0x2c c:/program files (x86)/atmel/studio/7.0/toolchain/arm/arm-gnu-toolchain/bin/../lib/gcc/arm-none-eabi/6.3.1/../../../../arm-none-eabi/lib/thumb/v7-m\libc.a(lib_a-mbtowc_r.o)
                0x000c3354                __ascii_mbtowc
 .text.memchr   0x000c3380       0x8c c:/program files (x86)/atmel/studio/7.0/toolchain/arm/arm-gnu-toolchain/bin/../lib/gcc/arm-none-eabi/6.3.1/../../../../arm-none-eabi/lib/thumb/v7-m\libc.a(lib_a-memchr-stub.o)
                0x000c3380                memchr
 .text.memmove  0x000c340c       0xc8 c:/program files (x86)/atmel/studio/7.0/toolchain/arm/arm-gnu-toolchain/bin/../lib/gcc/arm-none-eabi/6.3.1/../../../../arm-none-eabi/lib/thumb/v7-m\libc.a(lib_a-memmove.o)
                0x000c340c                memmove
 .text.__malloc_lock
                0x000c34d4        0xc c:/program files (x86)/atmel/studio/7.0/toolchain/arm/arm-gnu-toolchain/bin/../lib/gcc/arm-none-eabi/6.3.1/../../../../arm-none-eabi/lib/thumb/v7-m\libc.a(lib_a-mlock.o)
                0x000c34d4                __malloc_lock
 .text.__malloc_unlock
                0x000c34e0        0xc c:/program files (x86)/atmel/studio/7.0/toolchain/arm/arm-gnu-toolchain/bin/../lib/gcc/arm-none-eabi/6.3.1/../../../../arm-none-eabi/lib/thumb/v7-m\libc.a(lib_a-mlock.o)
                0x000c34e0                __malloc_unlock
 .text._realloc_r
                0x000c34ec      0x36c c:/program files (x86)/atmel/studio/7.0/toolchain/arm/arm-gnu-toolchain/bin/../lib/gcc/arm-none-eabi/6.3.1/../../../../arm-none-eabi/lib/thumb/v7-m\libc.a(lib_a-reallocr.o)
                0x000c34ec                _realloc_r
 .text._sbrk_r  0x000c3858       0x24 c:/program files (x86)/atmel/studio/7.0/toolchain/arm/arm-gnu-toolchain/bin/../lib/gcc/arm-none-eabi/6.3.1/../../../../arm-none-eabi/lib/thumb/v7-m\libc.a(lib_a-sbrkr.o)
                0x000c3858                _sbrk_r
 .text.__sread  0x000c387c       0x24 c:/program files (x86)/atmel/studio/7.0/toolchain/arm/arm-gnu-toolchain/bin/../lib/gcc/arm-none-eabi/6.3.1/../../../../arm-none-eabi/lib/thumb/v7-m\libc.a(lib_a-stdio.o)
                0x000c387c                __sread
 .text.__swrite
                0x000c38a0       0x3c c:/program files (x86)/atmel/studio/7.0/toolchain/arm/arm-gnu-toolchain/bin/../lib/gcc/arm-none-eabi/6.3.1/../../../../arm-none-eabi/lib/thumb/v7-m\libc.a(lib_a-stdio.o)
                0x000c38a0                __swrite
 .text.__sseek  0x000c38dc       0x20 c:/program files (x86)/atmel/studio/7.0/toolchain/arm/arm-gnu-toolchain/bin/../lib/gcc/arm-none-eabi/6.3.1/../../../../arm-none-eabi/lib/thumb/v7-m\libc.a(lib_a-stdio.o)
                0x000c38dc                __sseek
 .text.__sclose
                0x000c38fc        0x8 c:/program files (x86)/atmel/studio/7.0/toolchain/arm/arm-gnu-toolchain/bin/../lib/gcc/arm-none-eabi/6.3.1/../../../../arm-none-eabi/lib/thumb/v7-m\libc.a(lib_a-stdio.o)
                0x000c38fc                __sclose
 .text.strlen   0x000c3904       0x5c c:/program files (x86)/atmel/studio/7.0/toolchain/arm/arm-gnu-toolchain/bin/../lib/gcc/arm-none-eabi/6.3.1/../../../../arm-none-eabi/lib/thumb/v7-m\libc.a(lib_a-strlen-stub.o)
                0x000c3904                strlen
 .text.__swbuf_r
                0x000c3960       0xb0 c:/program files (x86)/atmel/studio/7.0/toolchain/arm/arm-gnu-toolchain/bin/../lib/gcc/arm-none-eabi/6.3.1/../../../../arm-none-eabi/lib/thumb/v7-m\libc.a(lib_a-wbuf.o)
                0x000c3960                __swbuf_r
 .text._wcrtomb_r
                0x000c3a10       0x54 c:/program files (x86)/atmel/studio/7.0/toolchain/arm/arm-gnu-toolchain/bin/../lib/gcc/arm-none-eabi/6.3.1/../../../../arm-none-eabi/lib/thumb/v7-m\libc.a(lib_a-wcrtomb.o)
                0x000c3a10                _wcrtomb_r
 .text.__ascii_wctomb
                0x000c3a64       0x18 c:/program files (x86)/atmel/studio/7.0/toolchain/arm/arm-gnu-toolchain/bin/../lib/gcc/arm-none-eabi/6.3.1/../../../../arm-none-eabi/lib/thumb/v7-m\libc.a(lib_a-wctomb_r.o)
                0x000c3a64                __ascii_wctomb
 .text._write_r
                0x000c3a7c       0x2c c:/program files (x86)/atmel/studio/7.0/toolchain/arm/arm-gnu-toolchain/bin/../lib/gcc/arm-none-eabi/6.3.1/../../../../arm-none-eabi/lib/thumb/v7-m\libc.a(lib_a-writer.o)
                0x000c3a7c                _write_r
 .text.__register_exitproc
                0x000c3aa8       0xc4 c:/program files (x86)/atmel/studio/7.0/toolchain/arm/arm-gnu-toolchain/bin/../lib/gcc/arm-none-eabi/6.3.1/../../../../arm-none-eabi/lib/thumb/v7-m\libc.a(lib_a-__atexit.o)
                0x000c3aa8                __register_exitproc
 .text._close_r
                0x000c3b6c       0x24 c:/program files (x86)/atmel/studio/7.0/toolchain/arm/arm-gnu-toolchain/bin/../lib/gcc/arm-none-eabi/6.3.1/../../../../arm-none-eabi/lib/thumb/v7-m\libc.a(lib_a-closer.o)
                0x000c3b6c                _close_r
 .text._fclose_r
                0x000c3b90       0xc4 c:/program files (x86)/atmel/studio/7.0/toolchain/arm/arm-gnu-toolchain/bin/../lib/gcc/arm-none-eabi/6.3.1/../../../../arm-none-eabi/lib/thumb/v7-m\libc.a(lib_a-fclose.o)
                0x000c3b90                _fclose_r
 .text._fstat_r
                0x000c3c54       0x28 c:/program files (x86)/atmel/studio/7.0/toolchain/arm/arm-gnu-toolchain/bin/../lib/gcc/arm-none-eabi/6.3.1/../../../../arm-none-eabi/lib/thumb/v7-m\libc.a(lib_a-fstatr.o)
                0x000c3c54                _fstat_r
 .text._isatty_r
                0x000c3c7c       0x24 c:/program files (x86)/atmel/studio/7.0/toolchain/arm/arm-gnu-toolchain/bin/../lib/gcc/arm-none-eabi/6.3.1/../../../../arm-none-eabi/lib/thumb/v7-m\libc.a(lib_a-isattyr.o)
                0x000c3c7c                _isatty_r
 .text._lseek_r
                0x000c3ca0       0x2c c:/program files (x86)/atmel/studio/7.0/toolchain/arm/arm-gnu-toolchain/bin/../lib/gcc/arm-none-eabi/6.3.1/../../../../arm-none-eabi/lib/thumb/v7-m\libc.a(lib_a-lseekr.o)
                0x000c3ca0                _lseek_r
 .text._read_r  0x000c3ccc       0x2c c:/program files (x86)/atmel/studio/7.0/toolchain/arm/arm-gnu-toolchain/bin/../lib/gcc/arm-none-eabi/6.3.1/../../../../arm-none-eabi/lib/thumb/v7-m\libc.a(lib_a-readr.o)
                0x000c3ccc                _read_r
 .text          0x000c3cf8       0x30 c:/program files (x86)/atmel/studio/7.0/toolchain/arm/arm-gnu-toolchain/bin/../lib/gcc/arm-none-eabi/6.3.1/thumb/v7-m\libgcc.a(_aeabi_uldivmod.o)
                0x000c3cf8                __aeabi_uldivmod
 .text          0x000c3d28      0x2dc c:/program files (x86)/atmel/studio/7.0/toolchain/arm/arm-gnu-toolchain/bin/../lib/gcc/arm-none-eabi/6.3.1/thumb/v7-m\libgcc.a(_udivmoddi4.o)
                0x000c3d28                __udivmoddi4
 .text          0x000c4004        0x4 c:/program files (x86)/atmel/studio/7.0/toolchain/arm/arm-gnu-toolchain/bin/../lib/gcc/arm-none-eabi/6.3.1/thumb/v7-m\libgcc.a(_dvmd_tls.o)
                0x000c4004                __aeabi_idiv0
                0x000c4004                __aeabi_ldiv0
 *(.glue_7t)
 .glue_7t       0x000c4008        0x0 linker stubs
 *(.glue_7)
 .glue_7        0x000c4008        0x0 linker stubs
 *(.rodata .rodata* .gnu.linkonce.r.*)
 .rodata.main.str1.4
                0x000c4008       0x92 src/main.o
 *fill*         0x000c409a        0x2 
 .rodata._global_impure_ptr
                0x000c409c        0x4 c:/program files (x86)/atmel/studio/7.0/toolchain/arm/arm-gnu-toolchain/bin/../lib/gcc/arm-none-eabi/6.3.1/../../../../arm-none-eabi/lib/thumb/v7-m\libc.a(lib_a-impure.o)
                0x000c409c                _global_impure_ptr
 .rodata._vfiprintf_r.str1.4
                0x000c40a0       0x2f c:/program files (x86)/atmel/studio/7.0/toolchain/arm/arm-gnu-toolchain/bin/../lib/gcc/arm-none-eabi/6.3.1/../../../../arm-none-eabi/lib/thumb/v7-m\libc.a(lib_a-vfiprintf.o)
 *fill*         0x000c40cf        0x1 
 .rodata.blanks.7217
                0x000c40d0       0x10 c:/program files (x86)/atmel/studio/7.0/toolchain/arm/arm-gnu-toolchain/bin/../lib/gcc/arm-none-eabi/6.3.1/../../../../arm-none-eabi/lib/thumb/v7-m\libc.a(lib_a-vfiprintf.o)
 .rodata.zeroes.7218
                0x000c40e0       0x10 c:/program files (x86)/atmel/studio/7.0/toolchain/arm/arm-gnu-toolchain/bin/../lib/gcc/arm-none-eabi/6.3.1/../../../../arm-none-eabi/lib/thumb/v7-m\libc.a(lib_a-vfiprintf.o)
 .rodata._setlocale_r.str1.4
                0x000c40f0        0xa c:/program files (x86)/atmel/studio/7.0/toolchain/arm/arm-gnu-toolchain/bin/../lib/gcc/arm-none-eabi/6.3.1/../../../../arm-none-eabi/lib/thumb/v7-m\libc.a(lib_a-locale.o)
                                  0xd (size before relaxing)
 *fill*         0x000c40fa        0x2 
 .rodata.str1.4
                0x000c40fc        0x4 c:/program files (x86)/atmel/studio/7.0/toolchain/arm/arm-gnu-toolchain/bin/../lib/gcc/arm-none-eabi/6.3.1/../../../../arm-none-eabi/lib/thumb/v7-m\libc.a(lib_a-locale.o)
                                  0x2 (size before relaxing)
 .rodata._ctype_
                0x000c4100      0x101 c:/program files (x86)/atmel/studio/7.0/toolchain/arm/arm-gnu-toolchain/bin/../lib/gcc/arm-none-eabi/6.3.1/../../../../arm-none-eabi/lib/thumb/v7-m\libc.a(lib_a-ctype_.o)
                0x000c4100                _ctype_
 *(.ARM.extab* .gnu.linkonce.armextab.*)
                0x000c4204                . = ALIGN (0x4)
 *fill*         0x000c4201        0x3 
 *(.init)
 .init          0x000c4204        0x4 c:/program files (x86)/atmel/studio/7.0/toolchain/arm/arm-gnu-toolchain/bin/../lib/gcc/arm-none-eabi/6.3.1/thumb/v7-m/crti.o
                0x000c4204                _init
 .init          0x000c4208        0x8 c:/program files (x86)/atmel/studio/7.0/toolchain/arm/arm-gnu-toolchain/bin/../lib/gcc/arm-none-eabi/6.3.1/thumb/v7-m/crtn.o
                0x000c4210                . = ALIGN (0x4)
                0x000c4210                __preinit_array_start = .
 *(.preinit_array)
                0x000c4210                __preinit_array_end = .
                0x000c4210                . = ALIGN (0x4)
                0x000c4210                __init_array_start = .
 *(SORT(.init_array.*))
 .init_array.00000
                0x000c4210        0x4 c:/program files (x86)/atmel/studio/7.0/toolchain/arm/arm-gnu-toolchain/bin/../lib/gcc/arm-none-eabi/6.3.1/../../../../arm-none-eabi/lib/thumb/v7-m\libc.a(lib_a-__call_atexit.o)
 *(.init_array)
 .init_array    0x000c4214        0x4 c:/program files (x86)/atmel/studio/7.0/toolchain/arm/arm-gnu-toolchain/bin/../lib/gcc/arm-none-eabi/6.3.1/thumb/v7-m/crtbegin.o
                0x000c4218                __init_array_end = .
                0x000c4218                . = ALIGN (0x4)
 *crtbegin.o(.ctors)
 *(EXCLUDE_FILE(*crtend.o) .ctors)
 *(SORT(.ctors.*))
 *crtend.o(.ctors)
                0x000c4218                . = ALIGN (0x4)
 *(.fini)
 .fini          0x000c4218        0x4 c:/program files (x86)/atmel/studio/7.0/toolchain/arm/arm-gnu-toolchain/bin/../lib/gcc/arm-none-eabi/6.3.1/thumb/v7-m/crti.o
                0x000c4218                _fini
 .fini          0x000c421c        0x8 c:/program files (x86)/atmel/studio/7.0/toolchain/arm/arm-gnu-toolchain/bin/../lib/gcc/arm-none-eabi/6.3.1/thumb/v7-m/crtn.o
                0x000c4224                . = ALIGN (0x4)
                0x000c4224                __fini_array_start = .
 *(.fini_array)
 .fini_array    0x000c4224        0x4 c:/program files (x86)/atmel/studio/7.0/toolchain/arm/arm-gnu-toolchain/bin/../lib/gcc/arm-none-eabi/6.3.1/thumb/v7-m/crtbegin.o
 *(SORT(.fini_array.*))
                0x000c4228                __fini_array_end = .
 *crtbegin.o(.dtors)
 *(EXCLUDE_FILE(*crtend.o) .dtors)
 *(SORT(.dtors.*))
 *crtend.o(.dtors)
                0x000c4228                . = ALIGN (0x4)
                0x000c4228                _efixed = .
                [!provide]                PROVIDE (__exidx_start, .)

.vfp11_veneer   0x000c4228        0x0
 .vfp11_veneer  0x000c4228        0x0 linker stubs

.v4_bx          0x000c4228        0x0
 .v4_bx         0x000c4228        0x0 linker stubs

.iplt           0x000c4228        0x0
 .iplt          0x000c4228        0x0 c:/program files (x86)/atmel/studio/7.0/toolchain/arm/arm-gnu-toolchain/bin/../lib/gcc/arm-none-eabi/6.3.1/thumb/v7-m/crtbegin.o

.ARM.exidx      0x000c4228        0x8
 *(.ARM.exidx* .gnu.linkonce.armexidx.*)
 .ARM.exidx     0x000c4228        0x8 c:/program files (x86)/atmel/studio/7.0/toolchain/arm/arm-gnu-toolchain/bin/../lib/gcc/arm-none-eabi/6.3.1/thumb/v7-m\libgcc.a(_udivmoddi4.o)
                [!provide]                PROVIDE (__exidx_end, .)

.eh_frame       0x000c4230        0x0
 .eh_frame      0x000c4230        0x0 c:/program files (x86)/atmel/studio/7.0/toolchain/arm/arm-gnu-toolchain/bin/../lib/gcc/arm-none-eabi/6.3.1/thumb/v7-m/crtbegin.o

.rel.dyn        0x000c4230        0x0
 .rel.iplt      0x000c4230        0x0 c:/program files (x86)/atmel/studio/7.0/toolchain/arm/arm-gnu-toolchain/bin/../lib/gcc/arm-none-eabi/6.3.1/thumb/v7-m/crtbegin.o

.jcr            0x000c4230        0x0
 .jcr           0x000c4230        0x0 c:/program files (x86)/atmel/studio/7.0/toolchain/arm/arm-gnu-toolchain/bin/../lib/gcc/arm-none-eabi/6.3.1/thumb/v7-m/crtbegin.o

.igot.plt       0x000c4230        0x0
 .igot.plt      0x000c4230        0x0 c:/program files (x86)/atmel/studio/7.0/toolchain/arm/arm-gnu-toolchain/bin/../lib/gcc/arm-none-eabi/6.3.1/thumb/v7-m/crtbegin.o
                0x000c4230                . = ALIGN (0x4)
                0x000c4230                _etext = .

.relocate       0x20070000      0xb70 load address 0x000c4230
                0x20070000                . = ALIGN (0x4)
                0x20070000                _srelocate = .
 *(.ramfunc .ramfunc.*)
 .ramfunc       0x20070000      0x12c src/ASF/sam/utils/cmsis/sam3x/source/templates/system_sam3x.o
                0x20070000                SystemInit
                0x200700a4                system_init_flash
 .ramfunc       0x2007012c       0x88 src/ASF/sam/utils/header_files/efc.o
                0x2007012c                efc_perform_read_sequence
                0x20070194                efc_write_fmr
                0x20070198                efc_perform_fcr
 *(.data .data.*)
 .data.g_interrupt_enabled
                0x200701b4        0x1 src/ASF/common/utils/interrupt/interrupt_sam_nvic.o
                0x200701b4                g_interrupt_enabled
 *fill*         0x200701b5        0x3 
 .data.SystemCoreClock
                0x200701b8        0x4 src/ASF/sam/utils/cmsis/sam3x/source/templates/system_sam3x.o
                0x200701b8                SystemCoreClock
 .data.g_b_led0_active
                0x200701bc        0x1 src/main.o
                0x200701bc                g_b_led0_active
 .data.g_b_led1_active
                0x200701bd        0x1 src/main.o
                0x200701bd                g_b_led1_active
 *fill*         0x200701be        0x2 
 .data._impure_ptr
                0x200701c0        0x4 c:/program files (x86)/atmel/studio/7.0/toolchain/arm/arm-gnu-toolchain/bin/../lib/gcc/arm-none-eabi/6.3.1/../../../../arm-none-eabi/lib/thumb/v7-m\libc.a(lib_a-impure.o)
                0x200701c0                _impure_ptr
 *fill*         0x200701c4        0x4 
 .data.impure_data
                0x200701c8      0x428 c:/program files (x86)/atmel/studio/7.0/toolchain/arm/arm-gnu-toolchain/bin/../lib/gcc/arm-none-eabi/6.3.1/../../../../arm-none-eabi/lib/thumb/v7-m\libc.a(lib_a-impure.o)
 .data.__atexit_recursive_mutex
                0x200705f0        0x4 c:/program files (x86)/atmel/studio/7.0/toolchain/arm/arm-gnu-toolchain/bin/../lib/gcc/arm-none-eabi/6.3.1/../../../../arm-none-eabi/lib/thumb/v7-m\libc.a(lib_a-__call_atexit.o)
                0x200705f0                __atexit_recursive_mutex
 .data.__global_locale
                0x200705f4      0x16c c:/program files (x86)/atmel/studio/7.0/toolchain/arm/arm-gnu-toolchain/bin/../lib/gcc/arm-none-eabi/6.3.1/../../../../arm-none-eabi/lib/thumb/v7-m\libc.a(lib_a-locale.o)
                0x200705f4                __global_locale
 .data.__malloc_av_
                0x20070760      0x408 c:/program files (x86)/atmel/studio/7.0/toolchain/arm/arm-gnu-toolchain/bin/../lib/gcc/arm-none-eabi/6.3.1/../../../../arm-none-eabi/lib/thumb/v7-m\libc.a(lib_a-mallocr.o)
                0x20070760                __malloc_av_
 .data.__malloc_sbrk_base
                0x20070b68        0x4 c:/program files (x86)/atmel/studio/7.0/toolchain/arm/arm-gnu-toolchain/bin/../lib/gcc/arm-none-eabi/6.3.1/../../../../arm-none-eabi/lib/thumb/v7-m\libc.a(lib_a-mallocr.o)
                0x20070b68                __malloc_sbrk_base
 .data.__malloc_trim_threshold
                0x20070b6c        0x4 c:/program files (x86)/atmel/studio/7.0/toolchain/arm/arm-gnu-toolchain/bin/../lib/gcc/arm-none-eabi/6.3.1/../../../../arm-none-eabi/lib/thumb/v7-m\libc.a(lib_a-mallocr.o)
                0x20070b6c                __malloc_trim_threshold
                0x20070b70                . = ALIGN (0x4)
                0x20070b70                _erelocate = .

.bss            0x20070b70      0x204 load address 0x000c4da0
                0x20070b70                . = ALIGN (0x4)
                0x20070b70                _sbss = .
                0x20070b70                _szero = .
 *(.bss .bss.*)
 .bss           0x20070b70       0x1c c:/program files (x86)/atmel/studio/7.0/toolchain/arm/arm-gnu-toolchain/bin/../lib/gcc/arm-none-eabi/6.3.1/thumb/v7-m/crtbegin.o
 .bss.gs_interrupt_sources
                0x20070b8c       0x70 src/ASF/sam/drivers/pio/pio_handler.o
 .bss.gs_ul_nb_sources
                0x20070bfc        0x4 src/ASF/sam/drivers/pio/pio_handler.o
 .bss.gs_ul_page_buffer
                0x20070c00      0x100 src/ASF/sam/utils/header_files/flash_efc.o
 .bss.heap.5297
                0x20070d00        0x4 src/ASF/sam/utils/syscalls/gcc/syscalls.o
 .bss.counter.8421
                0x20070d04        0x4 src/main.o
 .bss.g_ul_ms_ticks
                0x20070d08        0x4 src/main.o
                0x20070d08                g_ul_ms_ticks
 .bss.__malloc_current_mallinfo
                0x20070d0c       0x28 c:/program files (x86)/atmel/studio/7.0/toolchain/arm/arm-gnu-toolchain/bin/../lib/gcc/arm-none-eabi/6.3.1/../../../../arm-none-eabi/lib/thumb/v7-m\libc.a(lib_a-mallocr.o)
                0x20070d0c                __malloc_current_mallinfo
 .bss.__malloc_max_sbrked_mem
                0x20070d34        0x4 c:/program files (x86)/atmel/studio/7.0/toolchain/arm/arm-gnu-toolchain/bin/../lib/gcc/arm-none-eabi/6.3.1/../../../../arm-none-eabi/lib/thumb/v7-m\libc.a(lib_a-mallocr.o)
                0x20070d34                __malloc_max_sbrked_mem
 .bss.__malloc_max_total_mem
                0x20070d38        0x4 c:/program files (x86)/atmel/studio/7.0/toolchain/arm/arm-gnu-toolchain/bin/../lib/gcc/arm-none-eabi/6.3.1/../../../../arm-none-eabi/lib/thumb/v7-m\libc.a(lib_a-mallocr.o)
                0x20070d38                __malloc_max_total_mem
 .bss.__malloc_top_pad
                0x20070d3c        0x4 c:/program files (x86)/atmel/studio/7.0/toolchain/arm/arm-gnu-toolchain/bin/../lib/gcc/arm-none-eabi/6.3.1/../../../../arm-none-eabi/lib/thumb/v7-m\libc.a(lib_a-mallocr.o)
                0x20070d3c                __malloc_top_pad
 *(COMMON)
 COMMON         0x20070d40        0x4 src/ASF/common/utils/stdio/read.o
                0x20070d40                ptr_get
 COMMON         0x20070d44        0x8 src/ASF/common/utils/stdio/write.o
                0x20070d44                ptr_put
                0x20070d48                stdio_base
 COMMON         0x20070d4c       0x21 c:/program files (x86)/atmel/studio/7.0/toolchain/arm/arm-gnu-toolchain/bin/../lib/gcc/arm-none-eabi/6.3.1/../../../../arm-none-eabi/lib/thumb/v7-m\libc.a(lib_a-lock.o)
                0x20070d4c                __lock___atexit_recursive_mutex
                0x20070d50                __lock___arc4random_mutex
                0x20070d54                __lock___env_recursive_mutex
                0x20070d58                __lock___sinit_recursive_mutex
                0x20070d5c                __lock___malloc_recursive_mutex
                0x20070d60                __lock___at_quick_exit_mutex
                0x20070d64                __lock___dd_hash_mutex
                0x20070d68                __lock___tz_mutex
                0x20070d6c                __lock___sfp_recursive_mutex
 *fill*         0x20070d6d        0x3 
 COMMON         0x20070d70        0x4 c:/program files (x86)/atmel/studio/7.0/toolchain/arm/arm-gnu-toolchain/bin/../lib/gcc/arm-none-eabi/6.3.1/../../../../arm-none-eabi/lib/thumb/v7-m\libc.a(lib_a-reent.o)
                0x20070d70                errno
                0x20070d74                . = ALIGN (0x4)
                0x20070d74                _ebss = .
                0x20070d74                _ezero = .

.stack          0x20070d74     0x2004 load address 0x000c4fa4
                0x20070d78                . = ALIGN (0x8)
 *fill*         0x20070d74        0x4 
                0x20070d78                _sstack = .
                0x20072d78                . = (. + __stack_size__)
 *fill*         0x20070d78     0x2000 
                0x20072d78                . = ALIGN (0x8)
                0x20072d78                _estack = .
                0x20072d78                . = ALIGN (0x4)
                0x20072d78                _end = .
OUTPUT(GETTING-STARTED1.elf elf32-littlearm)

.ARM.attributes
                0x00000000       0x29
 .ARM.attributes
                0x00000000       0x1d c:/program files (x86)/atmel/studio/7.0/toolchain/arm/arm-gnu-toolchain/bin/../lib/gcc/arm-none-eabi/6.3.1/thumb/v7-m/crti.o
 .ARM.attributes
                0x0000001d       0x2d c:/program files (x86)/atmel/studio/7.0/toolchain/arm/arm-gnu-toolchain/bin/../lib/gcc/arm-none-eabi/6.3.1/thumb/v7-m/crtbegin.o
 .ARM.attributes
                0x0000004a       0x33 src/ASF/common/services/clock/sam3x/sysclk.o
 .ARM.attributes
                0x0000007d       0x33 src/ASF/common/utils/interrupt/interrupt_sam_nvic.o
 .ARM.attributes
                0x000000b0       0x33 src/ASF/common/utils/stdio/read.o
 .ARM.attributes
                0x000000e3       0x33 src/ASF/common/utils/stdio/write.o
 .ARM.attributes
                0x00000116       0x33 src/ASF/sam/boards/arduino_due_x/init.o
 .ARM.attributes
                0x00000149       0x33 src/ASF/sam/drivers/pio/pio.o
 .ARM.attributes
                0x0000017c       0x33 src/ASF/sam/drivers/pio/pio_handler.o
 .ARM.attributes
                0x000001af       0x33 src/ASF/sam/drivers/pmc/pmc.o
 .ARM.attributes
                0x000001e2       0x33 src/ASF/sam/drivers/tc/tc.o
 .ARM.attributes
                0x00000215       0x33 src/ASF/sam/drivers/uart/uart.o
 .ARM.attributes
                0x00000248       0x33 src/ASF/sam/drivers/usart/usart.o
 .ARM.attributes
                0x0000027b       0x33 src/ASF/sam/utils/cmsis/sam3x/source/templates/exceptions.o
 .ARM.attributes
                0x000002ae       0x33 src/ASF/sam/utils/cmsis/sam3x/source/templates/gcc/startup_sam3x.o
 .ARM.attributes
                0x000002e1       0x33 src/ASF/sam/utils/cmsis/sam3x/source/templates/system_sam3x.o
 .ARM.attributes
                0x00000314       0x33 src/ASF/sam/utils/header_files/efc.o
 .ARM.attributes
                0x00000347       0x33 src/ASF/sam/utils/header_files/flash_efc.o
 .ARM.attributes
                0x0000037a       0x33 src/ASF/sam/utils/syscalls/gcc/syscalls.o
 .ARM.attributes
                0x000003ad       0x33 src/main.o
 .ARM.attributes
                0x000003e0       0x2d c:/program files (x86)/atmel/studio/7.0/toolchain/arm/arm-gnu-toolchain/bin/../lib/gcc/arm-none-eabi/6.3.1/../../../../arm-none-eabi/lib/thumb/v7-m\libc.a(lib_a-impure.o)
 .ARM.attributes
                0x0000040d       0x2d c:/program files (x86)/atmel/studio/7.0/toolchain/arm/arm-gnu-toolchain/bin/../lib/gcc/arm-none-eabi/6.3.1/../../../../arm-none-eabi/lib/thumb/v7-m\libc.a(lib_a-init.o)
 .ARM.attributes
                0x0000043a       0x2d c:/program files (x86)/atmel/studio/7.0/toolchain/arm/arm-gnu-toolchain/bin/../lib/gcc/arm-none-eabi/6.3.1/../../../../arm-none-eabi/lib/thumb/v7-m\libc.a(lib_a-iprintf.o)
 .ARM.attributes
                0x00000467       0x1b c:/program files (x86)/atmel/studio/7.0/toolchain/arm/arm-gnu-toolchain/bin/../lib/gcc/arm-none-eabi/6.3.1/../../../../arm-none-eabi/lib/thumb/v7-m\libc.a(lib_a-memcpy.o)
 .ARM.attributes
                0x00000482       0x2d c:/program files (x86)/atmel/studio/7.0/toolchain/arm/arm-gnu-toolchain/bin/../lib/gcc/arm-none-eabi/6.3.1/../../../../arm-none-eabi/lib/thumb/v7-m\libc.a(lib_a-memset.o)
 .ARM.attributes
                0x000004af       0x2d c:/program files (x86)/atmel/studio/7.0/toolchain/arm/arm-gnu-toolchain/bin/../lib/gcc/arm-none-eabi/6.3.1/../../../../arm-none-eabi/lib/thumb/v7-m\libc.a(lib_a-setbuf.o)
 .ARM.attributes
                0x000004dc       0x2d c:/program files (x86)/atmel/studio/7.0/toolchain/arm/arm-gnu-toolchain/bin/../lib/gcc/arm-none-eabi/6.3.1/../../../../arm-none-eabi/lib/thumb/v7-m\libc.a(lib_a-setvbuf.o)
 .ARM.attributes
                0x00000509       0x2d c:/program files (x86)/atmel/studio/7.0/toolchain/arm/arm-gnu-toolchain/bin/../lib/gcc/arm-none-eabi/6.3.1/../../../../arm-none-eabi/lib/thumb/v7-m\libc.a(lib_a-vfiprintf.o)
 .ARM.attributes
                0x00000536       0x2d c:/program files (x86)/atmel/studio/7.0/toolchain/arm/arm-gnu-toolchain/bin/../lib/gcc/arm-none-eabi/6.3.1/../../../../arm-none-eabi/lib/thumb/v7-m\libc.a(lib_a-wsetup.o)
 .ARM.attributes
                0x00000563       0x2d c:/program files (x86)/atmel/studio/7.0/toolchain/arm/arm-gnu-toolchain/bin/../lib/gcc/arm-none-eabi/6.3.1/../../../../arm-none-eabi/lib/thumb/v7-m\libc.a(lib_a-__call_atexit.o)
 .ARM.attributes
                0x00000590       0x2d c:/program files (x86)/atmel/studio/7.0/toolchain/arm/arm-gnu-toolchain/bin/../lib/gcc/arm-none-eabi/6.3.1/../../../../arm-none-eabi/lib/thumb/v7-m\libc.a(lib_a-atexit.o)
 .ARM.attributes
                0x000005bd       0x2d c:/program files (x86)/atmel/studio/7.0/toolchain/arm/arm-gnu-toolchain/bin/../lib/gcc/arm-none-eabi/6.3.1/../../../../arm-none-eabi/lib/thumb/v7-m\libc.a(lib_a-fflush.o)
 .ARM.attributes
                0x000005ea       0x2d c:/program files (x86)/atmel/studio/7.0/toolchain/arm/arm-gnu-toolchain/bin/../lib/gcc/arm-none-eabi/6.3.1/../../../../arm-none-eabi/lib/thumb/v7-m\libc.a(lib_a-findfp.o)
 .ARM.attributes
                0x00000617       0x2d c:/program files (x86)/atmel/studio/7.0/toolchain/arm/arm-gnu-toolchain/bin/../lib/gcc/arm-none-eabi/6.3.1/../../../../arm-none-eabi/lib/thumb/v7-m\libc.a(lib_a-fini.o)
 .ARM.attributes
                0x00000644       0x2d c:/program files (x86)/atmel/studio/7.0/toolchain/arm/arm-gnu-toolchain/bin/../lib/gcc/arm-none-eabi/6.3.1/../../../../arm-none-eabi/lib/thumb/v7-m\libc.a(lib_a-fputwc.o)
 .ARM.attributes
                0x00000671       0x2d c:/program files (x86)/atmel/studio/7.0/toolchain/arm/arm-gnu-toolchain/bin/../lib/gcc/arm-none-eabi/6.3.1/../../../../arm-none-eabi/lib/thumb/v7-m\libc.a(lib_a-freer.o)
 .ARM.attributes
                0x0000069e       0x2d c:/program files (x86)/atmel/studio/7.0/toolchain/arm/arm-gnu-toolchain/bin/../lib/gcc/arm-none-eabi/6.3.1/../../../../arm-none-eabi/lib/thumb/v7-m\libc.a(lib_a-fvwrite.o)
 .ARM.attributes
                0x000006cb       0x2d c:/program files (x86)/atmel/studio/7.0/toolchain/arm/arm-gnu-toolchain/bin/../lib/gcc/arm-none-eabi/6.3.1/../../../../arm-none-eabi/lib/thumb/v7-m\libc.a(lib_a-fwalk.o)
 .ARM.attributes
                0x000006f8       0x2d c:/program files (x86)/atmel/studio/7.0/toolchain/arm/arm-gnu-toolchain/bin/../lib/gcc/arm-none-eabi/6.3.1/../../../../arm-none-eabi/lib/thumb/v7-m\libc.a(lib_a-locale.o)
 .ARM.attributes
                0x00000725       0x2d c:/program files (x86)/atmel/studio/7.0/toolchain/arm/arm-gnu-toolchain/bin/../lib/gcc/arm-none-eabi/6.3.1/../../../../arm-none-eabi/lib/thumb/v7-m\libc.a(lib_a-lock.o)
 .ARM.attributes
                0x00000752       0x2d c:/program files (x86)/atmel/studio/7.0/toolchain/arm/arm-gnu-toolchain/bin/../lib/gcc/arm-none-eabi/6.3.1/../../../../arm-none-eabi/lib/thumb/v7-m\libc.a(lib_a-makebuf.o)
 .ARM.attributes
                0x0000077f       0x2d c:/program files (x86)/atmel/studio/7.0/toolchain/arm/arm-gnu-toolchain/bin/../lib/gcc/arm-none-eabi/6.3.1/../../../../arm-none-eabi/lib/thumb/v7-m\libc.a(lib_a-malloc.o)
 .ARM.attributes
                0x000007ac       0x2d c:/program files (x86)/atmel/studio/7.0/toolchain/arm/arm-gnu-toolchain/bin/../lib/gcc/arm-none-eabi/6.3.1/../../../../arm-none-eabi/lib/thumb/v7-m\libc.a(lib_a-mallocr.o)
 .ARM.attributes
                0x000007d9       0x2d c:/program files (x86)/atmel/studio/7.0/toolchain/arm/arm-gnu-toolchain/bin/../lib/gcc/arm-none-eabi/6.3.1/../../../../arm-none-eabi/lib/thumb/v7-m\libc.a(lib_a-mbtowc_r.o)
 .ARM.attributes
                0x00000806       0x2d c:/program files (x86)/atmel/studio/7.0/toolchain/arm/arm-gnu-toolchain/bin/../lib/gcc/arm-none-eabi/6.3.1/../../../../arm-none-eabi/lib/thumb/v7-m\libc.a(lib_a-memchr-stub.o)
 .ARM.attributes
                0x00000833       0x2d c:/program files (x86)/atmel/studio/7.0/toolchain/arm/arm-gnu-toolchain/bin/../lib/gcc/arm-none-eabi/6.3.1/../../../../arm-none-eabi/lib/thumb/v7-m\libc.a(lib_a-memmove.o)
 .ARM.attributes
                0x00000860       0x2d c:/program files (x86)/atmel/studio/7.0/toolchain/arm/arm-gnu-toolchain/bin/../lib/gcc/arm-none-eabi/6.3.1/../../../../arm-none-eabi/lib/thumb/v7-m\libc.a(lib_a-mlock.o)
 .ARM.attributes
                0x0000088d       0x2d c:/program files (x86)/atmel/studio/7.0/toolchain/arm/arm-gnu-toolchain/bin/../lib/gcc/arm-none-eabi/6.3.1/../../../../arm-none-eabi/lib/thumb/v7-m\libc.a(lib_a-reallocr.o)
 .ARM.attributes
                0x000008ba       0x2d c:/program files (x86)/atmel/studio/7.0/toolchain/arm/arm-gnu-toolchain/bin/../lib/gcc/arm-none-eabi/6.3.1/../../../../arm-none-eabi/lib/thumb/v7-m\libc.a(lib_a-sbrkr.o)
 .ARM.attributes
                0x000008e7       0x2d c:/program files (x86)/atmel/studio/7.0/toolchain/arm/arm-gnu-toolchain/bin/../lib/gcc/arm-none-eabi/6.3.1/../../../../arm-none-eabi/lib/thumb/v7-m\libc.a(lib_a-stdio.o)
 .ARM.attributes
                0x00000914       0x2d c:/program files (x86)/atmel/studio/7.0/toolchain/arm/arm-gnu-toolchain/bin/../lib/gcc/arm-none-eabi/6.3.1/../../../../arm-none-eabi/lib/thumb/v7-m\libc.a(lib_a-strlen-stub.o)
 .ARM.attributes
                0x00000941       0x2d c:/program files (x86)/atmel/studio/7.0/toolchain/arm/arm-gnu-toolchain/bin/../lib/gcc/arm-none-eabi/6.3.1/../../../../arm-none-eabi/lib/thumb/v7-m\libc.a(lib_a-wbuf.o)
 .ARM.attributes
                0x0000096e       0x2d c:/program files (x86)/atmel/studio/7.0/toolchain/arm/arm-gnu-toolchain/bin/../lib/gcc/arm-none-eabi/6.3.1/../../../../arm-none-eabi/lib/thumb/v7-m\libc.a(lib_a-wcrtomb.o)
 .ARM.attributes
                0x0000099b       0x2d c:/program files (x86)/atmel/studio/7.0/toolchain/arm/arm-gnu-toolchain/bin/../lib/gcc/arm-none-eabi/6.3.1/../../../../arm-none-eabi/lib/thumb/v7-m\libc.a(lib_a-wctomb_r.o)
 .ARM.attributes
                0x000009c8       0x2d c:/program files (x86)/atmel/studio/7.0/toolchain/arm/arm-gnu-toolchain/bin/../lib/gcc/arm-none-eabi/6.3.1/../../../../arm-none-eabi/lib/thumb/v7-m\libc.a(lib_a-writer.o)
 .ARM.attributes
                0x000009f5       0x2d c:/program files (x86)/atmel/studio/7.0/toolchain/arm/arm-gnu-toolchain/bin/../lib/gcc/arm-none-eabi/6.3.1/../../../../arm-none-eabi/lib/thumb/v7-m\libc.a(lib_a-__atexit.o)
 .ARM.attributes
                0x00000a22       0x2d c:/program files (x86)/atmel/studio/7.0/toolchain/arm/arm-gnu-toolchain/bin/../lib/gcc/arm-none-eabi/6.3.1/../../../../arm-none-eabi/lib/thumb/v7-m\libc.a(lib_a-closer.o)
 .ARM.attributes
                0x00000a4f       0x2d c:/program files (x86)/atmel/studio/7.0/toolchain/arm/arm-gnu-toolchain/bin/../lib/gcc/arm-none-eabi/6.3.1/../../../../arm-none-eabi/lib/thumb/v7-m\libc.a(lib_a-ctype_.o)
 .ARM.attributes
                0x00000a7c       0x2d c:/program files (x86)/atmel/studio/7.0/toolchain/arm/arm-gnu-toolchain/bin/../lib/gcc/arm-none-eabi/6.3.1/../../../../arm-none-eabi/lib/thumb/v7-m\libc.a(lib_a-fclose.o)
 .ARM.attributes
                0x00000aa9       0x2d c:/program files (x86)/atmel/studio/7.0/toolchain/arm/arm-gnu-toolchain/bin/../lib/gcc/arm-none-eabi/6.3.1/../../../../arm-none-eabi/lib/thumb/v7-m\libc.a(lib_a-fstatr.o)
 .ARM.attributes
                0x00000ad6       0x2d c:/program files (x86)/atmel/studio/7.0/toolchain/arm/arm-gnu-toolchain/bin/../lib/gcc/arm-none-eabi/6.3.1/../../../../arm-none-eabi/lib/thumb/v7-m\libc.a(lib_a-isattyr.o)
 .ARM.attributes
                0x00000b03       0x2d c:/program files (x86)/atmel/studio/7.0/toolchain/arm/arm-gnu-toolchain/bin/../lib/gcc/arm-none-eabi/6.3.1/../../../../arm-none-eabi/lib/thumb/v7-m\libc.a(lib_a-lseekr.o)
 .ARM.attributes
                0x00000b30       0x2d c:/program files (x86)/atmel/studio/7.0/toolchain/arm/arm-gnu-toolchain/bin/../lib/gcc/arm-none-eabi/6.3.1/../../../../arm-none-eabi/lib/thumb/v7-m\libc.a(lib_a-readr.o)
 .ARM.attributes
                0x00000b5d       0x2d c:/program files (x86)/atmel/studio/7.0/toolchain/arm/arm-gnu-toolchain/bin/../lib/gcc/arm-none-eabi/6.3.1/../../../../arm-none-eabi/lib/thumb/v7-m\libc.a(lib_a-reent.o)
 .ARM.attributes
                0x00000b8a       0x1d c:/program files (x86)/atmel/studio/7.0/toolchain/arm/arm-gnu-toolchain/bin/../lib/gcc/arm-none-eabi/6.3.1/thumb/v7-m\libgcc.a(_aeabi_uldivmod.o)
 .ARM.attributes
                0x00000ba7       0x2d c:/program files (x86)/atmel/studio/7.0/toolchain/arm/arm-gnu-toolchain/bin/../lib/gcc/arm-none-eabi/6.3.1/thumb/v7-m\libgcc.a(_udivmoddi4.o)
 .ARM.attributes
                0x00000bd4       0x1d c:/program files (x86)/atmel/studio/7.0/toolchain/arm/arm-gnu-toolchain/bin/../lib/gcc/arm-none-eabi/6.3.1/thumb/v7-m\libgcc.a(_dvmd_tls.o)
 .ARM.attributes
                0x00000bf1       0x1d c:/program files (x86)/atmel/studio/7.0/toolchain/arm/arm-gnu-toolchain/bin/../lib/gcc/arm-none-eabi/6.3.1/thumb/v7-m/crtn.o

.comment        0x00000000       0x59
 .comment       0x00000000       0x59 src/ASF/common/services/clock/sam3x/sysclk.o
                                 0x5a (size before relaxing)
 .comment       0x00000059       0x5a src/ASF/common/utils/interrupt/interrupt_sam_nvic.o
 .comment       0x00000059       0x5a src/ASF/common/utils/stdio/read.o
 .comment       0x00000059       0x5a src/ASF/common/utils/stdio/write.o
 .comment       0x00000059       0x5a src/ASF/sam/boards/arduino_due_x/init.o
 .comment       0x00000059       0x5a src/ASF/sam/drivers/pio/pio.o
 .comment       0x00000059       0x5a src/ASF/sam/drivers/pio/pio_handler.o
 .comment       0x00000059       0x5a src/ASF/sam/drivers/pmc/pmc.o
 .comment       0x00000059       0x5a src/ASF/sam/drivers/tc/tc.o
 .comment       0x00000059       0x5a src/ASF/sam/drivers/uart/uart.o
 .comment       0x00000059       0x5a src/ASF/sam/drivers/usart/usart.o
 .comment       0x00000059       0x5a src/ASF/sam/utils/cmsis/sam3x/source/templates/exceptions.o
 .comment       0x00000059       0x5a src/ASF/sam/utils/cmsis/sam3x/source/templates/gcc/startup_sam3x.o
 .comment       0x00000059       0x5a src/ASF/sam/utils/cmsis/sam3x/source/templates/system_sam3x.o
 .comment       0x00000059       0x5a src/ASF/sam/utils/header_files/efc.o
 .comment       0x00000059       0x5a src/ASF/sam/utils/header_files/flash_efc.o
 .comment       0x00000059       0x5a src/ASF/sam/utils/syscalls/gcc/syscalls.o
 .comment       0x00000059       0x5a src/main.o

.debug_info     0x00000000    0x15ef2
 .debug_info    0x00000000     0x1101 src/ASF/common/services/clock/sam3x/sysclk.o
 .debug_info    0x00001101      0xaff src/ASF/common/utils/interrupt/interrupt_sam_nvic.o
 .debug_info    0x00001c00      0xac9 src/ASF/common/utils/stdio/read.o
 .debug_info    0x000026c9      0xac6 src/ASF/common/utils/stdio/write.o
 .debug_info    0x0000318f     0x1054 src/ASF/sam/boards/arduino_due_x/init.o
 .debug_info    0x000041e3     0x1c61 src/ASF/sam/drivers/pio/pio.o
 .debug_info    0x00005e44     0x17f6 src/ASF/sam/drivers/pio/pio_handler.o
 .debug_info    0x0000763a     0x19eb src/ASF/sam/drivers/pmc/pmc.o
 .debug_info    0x00009025     0x125d src/ASF/sam/drivers/tc/tc.o
 .debug_info    0x0000a282     0x119c src/ASF/sam/drivers/uart/uart.o
 .debug_info    0x0000b41e     0x24e3 src/ASF/sam/drivers/usart/usart.o
 .debug_info    0x0000d901      0xa39 src/ASF/sam/utils/cmsis/sam3x/source/templates/exceptions.o
 .debug_info    0x0000e33a      0xd1b src/ASF/sam/utils/cmsis/sam3x/source/templates/gcc/startup_sam3x.o
 .debug_info    0x0000f055      0xdc2 src/ASF/sam/utils/cmsis/sam3x/source/templates/system_sam3x.o
 .debug_info    0x0000fe17     0x1019 src/ASF/sam/utils/header_files/efc.o
 .debug_info    0x00010e30     0x1b16 src/ASF/sam/utils/header_files/flash_efc.o
 .debug_info    0x00012946      0xdb0 src/ASF/sam/utils/syscalls/gcc/syscalls.o
 .debug_info    0x000136f6     0x27fc src/main.o

.debug_abbrev   0x00000000     0x3357
 .debug_abbrev  0x00000000      0x317 src/ASF/common/services/clock/sam3x/sysclk.o
 .debug_abbrev  0x00000317      0x221 src/ASF/common/utils/interrupt/interrupt_sam_nvic.o
 .debug_abbrev  0x00000538      0x1fe src/ASF/common/utils/stdio/read.o
 .debug_abbrev  0x00000736      0x1e9 src/ASF/common/utils/stdio/write.o
 .debug_abbrev  0x0000091f      0x262 src/ASF/sam/boards/arduino_due_x/init.o
 .debug_abbrev  0x00000b81      0x3c7 src/ASF/sam/drivers/pio/pio.o
 .debug_abbrev  0x00000f48      0x340 src/ASF/sam/drivers/pio/pio_handler.o
 .debug_abbrev  0x00001288      0x335 src/ASF/sam/drivers/pmc/pmc.o
 .debug_abbrev  0x000015bd      0x293 src/ASF/sam/drivers/tc/tc.o
 .debug_abbrev  0x00001850      0x288 src/ASF/sam/drivers/uart/uart.o
 .debug_abbrev  0x00001ad8      0x406 src/ASF/sam/drivers/usart/usart.o
 .debug_abbrev  0x00001ede      0x1a4 src/ASF/sam/utils/cmsis/sam3x/source/templates/exceptions.o
 .debug_abbrev  0x00002082      0x1f2 src/ASF/sam/utils/cmsis/sam3x/source/templates/gcc/startup_sam3x.o
 .debug_abbrev  0x00002274      0x1f4 src/ASF/sam/utils/cmsis/sam3x/source/templates/system_sam3x.o
 .debug_abbrev  0x00002468      0x3b8 src/ASF/sam/utils/header_files/efc.o
 .debug_abbrev  0x00002820      0x37a src/ASF/sam/utils/header_files/flash_efc.o
 .debug_abbrev  0x00002b9a      0x264 src/ASF/sam/utils/syscalls/gcc/syscalls.o
 .debug_abbrev  0x00002dfe      0x559 src/main.o

.debug_loc      0x00000000     0x5522
 .debug_loc     0x00000000      0x143 src/ASF/common/services/clock/sam3x/sysclk.o
 .debug_loc     0x00000143       0xb3 src/ASF/common/utils/stdio/read.o
 .debug_loc     0x000001f6      0x12b src/ASF/common/utils/stdio/write.o
 .debug_loc     0x00000321       0x70 src/ASF/sam/boards/arduino_due_x/init.o
 .debug_loc     0x00000391      0xacc src/ASF/sam/drivers/pio/pio.o
 .debug_loc     0x00000e5d      0x571 src/ASF/sam/drivers/pio/pio_handler.o
 .debug_loc     0x000013ce      0xa54 src/ASF/sam/drivers/pmc/pmc.o
 .debug_loc     0x00001e22      0x5a4 src/ASF/sam/drivers/tc/tc.o
 .debug_loc     0x000023c6      0x241 src/ASF/sam/drivers/uart/uart.o
 .debug_loc     0x00002607     0x1062 src/ASF/sam/drivers/usart/usart.o
 .debug_loc     0x00003669       0x6b src/ASF/sam/utils/cmsis/sam3x/source/templates/gcc/startup_sam3x.o
 .debug_loc     0x000036d4      0x517 src/ASF/sam/utils/header_files/efc.o
 .debug_loc     0x00003beb     0x1294 src/ASF/sam/utils/header_files/flash_efc.o
 .debug_loc     0x00004e7f       0xfd src/ASF/sam/utils/syscalls/gcc/syscalls.o
 .debug_loc     0x00004f7c      0x5a6 src/main.o

.debug_aranges  0x00000000      0xb08
 .debug_aranges
                0x00000000       0x30 src/ASF/common/services/clock/sam3x/sysclk.o
 .debug_aranges
                0x00000030       0x28 src/ASF/common/utils/interrupt/interrupt_sam_nvic.o
 .debug_aranges
                0x00000058       0x20 src/ASF/common/utils/stdio/read.o
 .debug_aranges
                0x00000078       0x20 src/ASF/common/utils/stdio/write.o
 .debug_aranges
                0x00000098       0x20 src/ASF/sam/boards/arduino_due_x/init.o
 .debug_aranges
                0x000000b8      0x148 src/ASF/sam/drivers/pio/pio.o
 .debug_aranges
                0x00000200       0x58 src/ASF/sam/drivers/pio/pio_handler.o
 .debug_aranges
                0x00000258      0x200 src/ASF/sam/drivers/pmc/pmc.o
 .debug_aranges
                0x00000458       0xd0 src/ASF/sam/drivers/tc/tc.o
 .debug_aranges
                0x00000528       0xe8 src/ASF/sam/drivers/uart/uart.o
 .debug_aranges
                0x00000610      0x2a8 src/ASF/sam/drivers/usart/usart.o
 .debug_aranges
                0x000008b8       0x20 src/ASF/sam/utils/cmsis/sam3x/source/templates/exceptions.o
 .debug_aranges
                0x000008d8       0x20 src/ASF/sam/utils/cmsis/sam3x/source/templates/gcc/startup_sam3x.o
 .debug_aranges
                0x000008f8       0x30 src/ASF/sam/utils/cmsis/sam3x/source/templates/system_sam3x.o
 .debug_aranges
                0x00000928       0x80 src/ASF/sam/utils/header_files/efc.o
 .debug_aranges
                0x000009a8       0xb0 src/ASF/sam/utils/header_files/flash_efc.o
 .debug_aranges
                0x00000a58       0x60 src/ASF/sam/utils/syscalls/gcc/syscalls.o
 .debug_aranges
                0x00000ab8       0x50 src/main.o

.debug_ranges   0x00000000      0xa48
 .debug_ranges  0x00000000       0x20 src/ASF/common/services/clock/sam3x/sysclk.o
 .debug_ranges  0x00000020       0x18 src/ASF/common/utils/interrupt/interrupt_sam_nvic.o
 .debug_ranges  0x00000038       0x10 src/ASF/common/utils/stdio/read.o
 .debug_ranges  0x00000048       0x10 src/ASF/common/utils/stdio/write.o
 .debug_ranges  0x00000058       0x10 src/ASF/sam/boards/arduino_due_x/init.o
 .debug_ranges  0x00000068      0x150 src/ASF/sam/drivers/pio/pio.o
 .debug_ranges  0x000001b8       0x60 src/ASF/sam/drivers/pio/pio_handler.o
 .debug_ranges  0x00000218      0x1f0 src/ASF/sam/drivers/pmc/pmc.o
 .debug_ranges  0x00000408       0xc0 src/ASF/sam/drivers/tc/tc.o
 .debug_ranges  0x000004c8       0xd8 src/ASF/sam/drivers/uart/uart.o
 .debug_ranges  0x000005a0      0x298 src/ASF/sam/drivers/usart/usart.o
 .debug_ranges  0x00000838       0x10 src/ASF/sam/utils/cmsis/sam3x/source/templates/exceptions.o
 .debug_ranges  0x00000848       0x10 src/ASF/sam/utils/cmsis/sam3x/source/templates/gcc/startup_sam3x.o
 .debug_ranges  0x00000858       0x20 src/ASF/sam/utils/cmsis/sam3x/source/templates/system_sam3x.o
 .debug_ranges  0x00000878       0x70 src/ASF/sam/utils/header_files/efc.o
 .debug_ranges  0x000008e8       0xa0 src/ASF/sam/utils/header_files/flash_efc.o
 .debug_ranges  0x00000988       0x50 src/ASF/sam/utils/syscalls/gcc/syscalls.o
 .debug_ranges  0x000009d8       0x70 src/main.o

.debug_macro    0x00000000    0x195f7
 .debug_macro   0x00000000      0x5f1 src/ASF/common/services/clock/sam3x/sysclk.o
 .debug_macro   0x000005f1      0x8ce src/ASF/common/services/clock/sam3x/sysclk.o
 .debug_macro   0x00000ebf      0x71d src/ASF/common/services/clock/sam3x/sysclk.o
 .debug_macro   0x000015dc       0x28 src/ASF/common/services/clock/sam3x/sysclk.o
 .debug_macro   0x00001604      0x16d src/ASF/common/services/clock/sam3x/sysclk.o
 .debug_macro   0x00001771       0x76 src/ASF/common/services/clock/sam3x/sysclk.o
 .debug_macro   0x000017e7       0x16 src/ASF/common/services/clock/sam3x/sysclk.o
 .debug_macro   0x000017fd      0x6da src/ASF/common/services/clock/sam3x/sysclk.o
 .debug_macro   0x00001ed7       0x22 src/ASF/common/services/clock/sam3x/sysclk.o
 .debug_macro   0x00001ef9       0x87 src/ASF/common/services/clock/sam3x/sysclk.o
 .debug_macro   0x00001f80       0x51 src/ASF/common/services/clock/sam3x/sysclk.o
 .debug_macro   0x00001fd1       0xef src/ASF/common/services/clock/sam3x/sysclk.o
 .debug_macro   0x000020c0       0x6a src/ASF/common/services/clock/sam3x/sysclk.o
 .debug_macro   0x0000212a      0x1df src/ASF/common/services/clock/sam3x/sysclk.o
 .debug_macro   0x00002309       0x20 src/ASF/common/services/clock/sam3x/sysclk.o
 .debug_macro   0x00002329       0x1c src/ASF/common/services/clock/sam3x/sysclk.o
 .debug_macro   0x00002345       0x22 src/ASF/common/services/clock/sam3x/sysclk.o
 .debug_macro   0x00002367       0xc3 src/ASF/common/services/clock/sam3x/sysclk.o
 .debug_macro   0x0000242a      0xe49 src/ASF/common/services/clock/sam3x/sysclk.o
 .debug_macro   0x00003273      0x11f src/ASF/common/services/clock/sam3x/sysclk.o
 .debug_macro   0x00003392      0xaac src/ASF/common/services/clock/sam3x/sysclk.o
 .debug_macro   0x00003e3e      0x55f src/ASF/common/services/clock/sam3x/sysclk.o
 .debug_macro   0x0000439d      0x2ab src/ASF/common/services/clock/sam3x/sysclk.o
 .debug_macro   0x00004648      0x310 src/ASF/common/services/clock/sam3x/sysclk.o
 .debug_macro   0x00004958      0x746 src/ASF/common/services/clock/sam3x/sysclk.o
 .debug_macro   0x0000509e       0x82 src/ASF/common/services/clock/sam3x/sysclk.o
 .debug_macro   0x00005120      0x571 src/ASF/common/services/clock/sam3x/sysclk.o
 .debug_macro   0x00005691       0x1c src/ASF/common/services/clock/sam3x/sysclk.o
 .debug_macro   0x000056ad      0x6ae src/ASF/common/services/clock/sam3x/sysclk.o
 .debug_macro   0x00005d5b      0x523 src/ASF/common/services/clock/sam3x/sysclk.o
 .debug_macro   0x0000627e       0xbe src/ASF/common/services/clock/sam3x/sysclk.o
 .debug_macro   0x0000633c     0x2338 src/ASF/common/services/clock/sam3x/sysclk.o
 .debug_macro   0x00008674      0x853 src/ASF/common/services/clock/sam3x/sysclk.o
 .debug_macro   0x00008ec7      0xdbf src/ASF/common/services/clock/sam3x/sysclk.o
 .debug_macro   0x00009c86       0x7c src/ASF/common/services/clock/sam3x/sysclk.o
 .debug_macro   0x00009d02      0x25a src/ASF/common/services/clock/sam3x/sysclk.o
 .debug_macro   0x00009f5c       0x58 src/ASF/common/services/clock/sam3x/sysclk.o
 .debug_macro   0x00009fb4      0x99e src/ASF/common/services/clock/sam3x/sysclk.o
 .debug_macro   0x0000a952      0x240 src/ASF/common/services/clock/sam3x/sysclk.o
 .debug_macro   0x0000ab92      0x4d5 src/ASF/common/services/clock/sam3x/sysclk.o
 .debug_macro   0x0000b067      0x6a9 src/ASF/common/services/clock/sam3x/sysclk.o
 .debug_macro   0x0000b710      0x595 src/ASF/common/services/clock/sam3x/sysclk.o
 .debug_macro   0x0000bca5       0x46 src/ASF/common/services/clock/sam3x/sysclk.o
 .debug_macro   0x0000bceb      0x344 src/ASF/common/services/clock/sam3x/sysclk.o
 .debug_macro   0x0000c02f      0x283 src/ASF/common/services/clock/sam3x/sysclk.o
 .debug_macro   0x0000c2b2     0x14d7 src/ASF/common/services/clock/sam3x/sysclk.o
 .debug_macro   0x0000d789      0x7b0 src/ASF/common/services/clock/sam3x/sysclk.o
 .debug_macro   0x0000df39       0x76 src/ASF/common/services/clock/sam3x/sysclk.o
 .debug_macro   0x0000dfaf       0x82 src/ASF/common/services/clock/sam3x/sysclk.o
 .debug_macro   0x0000e031       0x76 src/ASF/common/services/clock/sam3x/sysclk.o
 .debug_macro   0x0000e0a7       0x4c src/ASF/common/services/clock/sam3x/sysclk.o
 .debug_macro   0x0000e0f3      0x100 src/ASF/common/services/clock/sam3x/sysclk.o
 .debug_macro   0x0000e1f3      0x100 src/ASF/common/services/clock/sam3x/sysclk.o
 .debug_macro   0x0000e2f3      0x100 src/ASF/common/services/clock/sam3x/sysclk.o
 .debug_macro   0x0000e3f3       0x88 src/ASF/common/services/clock/sam3x/sysclk.o
 .debug_macro   0x0000e47b       0x88 src/ASF/common/services/clock/sam3x/sysclk.o
 .debug_macro   0x0000e503      0x3b4 src/ASF/common/services/clock/sam3x/sysclk.o
 .debug_macro   0x0000e8b7       0xb8 src/ASF/common/services/clock/sam3x/sysclk.o
 .debug_macro   0x0000e96f       0xb8 src/ASF/common/services/clock/sam3x/sysclk.o
 .debug_macro   0x0000ea27       0xb8 src/ASF/common/services/clock/sam3x/sysclk.o
 .debug_macro   0x0000eadf       0xb8 src/ASF/common/services/clock/sam3x/sysclk.o
 .debug_macro   0x0000eb97      0x2b8 src/ASF/common/services/clock/sam3x/sysclk.o
 .debug_macro   0x0000ee4f      0x11b src/ASF/common/services/clock/sam3x/sysclk.o
 .debug_macro   0x0000ef6a      0x21b src/ASF/common/services/clock/sam3x/sysclk.o
 .debug_macro   0x0000f185      0x21b src/ASF/common/services/clock/sam3x/sysclk.o
 .debug_macro   0x0000f3a0       0x2e src/ASF/common/services/clock/sam3x/sysclk.o
 .debug_macro   0x0000f3ce       0xac src/ASF/common/services/clock/sam3x/sysclk.o
 .debug_macro   0x0000f47a      0x143 src/ASF/common/services/clock/sam3x/sysclk.o
 .debug_macro   0x0000f5bd       0x7c src/ASF/common/services/clock/sam3x/sysclk.o
 .debug_macro   0x0000f639      0x1fb src/ASF/common/services/clock/sam3x/sysclk.o
 .debug_macro   0x0000f834       0x64 src/ASF/common/services/clock/sam3x/sysclk.o
 .debug_macro   0x0000f898       0xa6 src/ASF/common/services/clock/sam3x/sysclk.o
 .debug_macro   0x0000f93e       0x7c src/ASF/common/services/clock/sam3x/sysclk.o
 .debug_macro   0x0000f9ba       0x16 src/ASF/common/services/clock/sam3x/sysclk.o
 .debug_macro   0x0000f9d0       0x22 src/ASF/common/services/clock/sam3x/sysclk.o
 .debug_macro   0x0000f9f2       0x22 src/ASF/common/services/clock/sam3x/sysclk.o
 .debug_macro   0x0000fa14      0x10c src/ASF/common/services/clock/sam3x/sysclk.o
 .debug_macro   0x0000fb20      0x10c src/ASF/common/services/clock/sam3x/sysclk.o
 .debug_macro   0x0000fc2c      0x10c src/ASF/common/services/clock/sam3x/sysclk.o
 .debug_macro   0x0000fd38      0x10c src/ASF/common/services/clock/sam3x/sysclk.o
 .debug_macro   0x0000fe44       0x1c src/ASF/common/services/clock/sam3x/sysclk.o
 .debug_macro   0x0000fe60       0x2e src/ASF/common/services/clock/sam3x/sysclk.o
 .debug_macro   0x0000fe8e       0x22 src/ASF/common/services/clock/sam3x/sysclk.o
 .debug_macro   0x0000feb0       0x1c src/ASF/common/services/clock/sam3x/sysclk.o
 .debug_macro   0x0000fecc       0x58 src/ASF/common/services/clock/sam3x/sysclk.o
 .debug_macro   0x0000ff24       0x10 src/ASF/common/services/clock/sam3x/sysclk.o
 .debug_macro   0x0000ff34      0x273 src/ASF/common/services/clock/sam3x/sysclk.o
 .debug_macro   0x000101a7      0xd39 src/ASF/common/services/clock/sam3x/sysclk.o
 .debug_macro   0x00010ee0      0x131 src/ASF/common/services/clock/sam3x/sysclk.o
 .debug_macro   0x00011011       0x58 src/ASF/common/services/clock/sam3x/sysclk.o
 .debug_macro   0x00011069       0x35 src/ASF/common/services/clock/sam3x/sysclk.o
 .debug_macro   0x0001109e       0x9c src/ASF/common/services/clock/sam3x/sysclk.o
 .debug_macro   0x0001113a       0x16 src/ASF/common/services/clock/sam3x/sysclk.o
 .debug_macro   0x00011150       0x35 src/ASF/common/services/clock/sam3x/sysclk.o
 .debug_macro   0x00011185      0x34d src/ASF/common/services/clock/sam3x/sysclk.o
 .debug_macro   0x000114d2       0x10 src/ASF/common/services/clock/sam3x/sysclk.o
 .debug_macro   0x000114e2       0x58 src/ASF/common/services/clock/sam3x/sysclk.o
 .debug_macro   0x0001153a       0x1f src/ASF/common/services/clock/sam3x/sysclk.o
 .debug_macro   0x00011559       0x43 src/ASF/common/services/clock/sam3x/sysclk.o
 .debug_macro   0x0001159c       0x20 src/ASF/common/services/clock/sam3x/sysclk.o
 .debug_macro   0x000115bc      0x187 src/ASF/common/services/clock/sam3x/sysclk.o
 .debug_macro   0x00011743       0x10 src/ASF/common/services/clock/sam3x/sysclk.o
 .debug_macro   0x00011753       0x1c src/ASF/common/services/clock/sam3x/sysclk.o
 .debug_macro   0x0001176f       0x52 src/ASF/common/services/clock/sam3x/sysclk.o
 .debug_macro   0x000117c1       0x40 src/ASF/common/services/clock/sam3x/sysclk.o
 .debug_macro   0x00011801       0x10 src/ASF/common/services/clock/sam3x/sysclk.o
 .debug_macro   0x00011811       0x40 src/ASF/common/services/clock/sam3x/sysclk.o
 .debug_macro   0x00011851       0xd7 src/ASF/common/services/clock/sam3x/sysclk.o
 .debug_macro   0x00011928       0x16 src/ASF/common/services/clock/sam3x/sysclk.o
 .debug_macro   0x0001193e      0x18b src/ASF/common/services/clock/sam3x/sysclk.o
 .debug_macro   0x00011ac9       0x22 src/ASF/common/services/clock/sam3x/sysclk.o
 .debug_macro   0x00011aeb       0x16 src/ASF/common/services/clock/sam3x/sysclk.o
 .debug_macro   0x00011b01       0x16 src/ASF/common/services/clock/sam3x/sysclk.o
 .debug_macro   0x00011b17       0x29 src/ASF/common/services/clock/sam3x/sysclk.o
 .debug_macro   0x00011b40       0x73 src/ASF/common/services/clock/sam3x/sysclk.o
 .debug_macro   0x00011bb3       0x44 src/ASF/common/services/clock/sam3x/sysclk.o
 .debug_macro   0x00011bf7      0x3ca src/ASF/common/services/clock/sam3x/sysclk.o
 .debug_macro   0x00011fc1      0x2d9 src/ASF/common/services/clock/sam3x/sysclk.o
 .debug_macro   0x0001229a      0x78f src/ASF/common/services/clock/sam3x/sysclk.o
 .debug_macro   0x00012a29       0x5e src/ASF/common/services/clock/sam3x/sysclk.o
 .debug_macro   0x00012a87       0x64 src/ASF/common/services/clock/sam3x/sysclk.o
 .debug_macro   0x00012aeb       0x5f src/ASF/common/services/clock/sam3x/sysclk.o
 .debug_macro   0x00012b4a       0x90 src/ASF/common/services/clock/sam3x/sysclk.o
 .debug_macro   0x00012bda      0x578 src/ASF/common/utils/interrupt/interrupt_sam_nvic.o
 .debug_macro   0x00013152       0x3e src/ASF/common/utils/interrupt/interrupt_sam_nvic.o
 .debug_macro   0x00013190      0x56e src/ASF/common/utils/stdio/read.o
 .debug_macro   0x000136fe      0x56e src/ASF/common/utils/stdio/write.o
 .debug_macro   0x00013c6c      0x636 src/ASF/sam/boards/arduino_due_x/init.o
 .debug_macro   0x000142a2       0x22 src/ASF/sam/boards/arduino_due_x/init.o
 .debug_macro   0x000142c4       0x94 src/ASF/sam/boards/arduino_due_x/init.o
 .debug_macro   0x00014358       0x40 src/ASF/sam/boards/arduino_due_x/init.o
 .debug_macro   0x00014398       0x6a src/ASF/sam/boards/arduino_due_x/init.o
 .debug_macro   0x00014402      0x589 src/ASF/sam/drivers/pio/pio.o
 .debug_macro   0x0001498b       0x8e src/ASF/sam/drivers/pio/pio.o
 .debug_macro   0x00014a19      0x58d src/ASF/sam/drivers/pio/pio_handler.o
 .debug_macro   0x00014fa6      0x583 src/ASF/sam/drivers/pmc/pmc.o
 .debug_macro   0x00015529       0x58 src/ASF/sam/drivers/pmc/pmc.o
 .debug_macro   0x00015581      0x589 src/ASF/sam/drivers/tc/tc.o
 .debug_macro   0x00015b0a       0x52 src/ASF/sam/drivers/tc/tc.o
 .debug_macro   0x00015b5c       0x8d src/ASF/sam/drivers/tc/tc.o
 .debug_macro   0x00015be9       0x16 src/ASF/sam/drivers/tc/tc.o
 .debug_macro   0x00015bff       0x57 src/ASF/sam/drivers/tc/tc.o
 .debug_macro   0x00015c56       0x1c src/ASF/sam/drivers/tc/tc.o
 .debug_macro   0x00015c72      0x57d src/ASF/sam/drivers/uart/uart.o
 .debug_macro   0x000161ef       0x16 src/ASF/sam/drivers/uart/uart.o
 .debug_macro   0x00016205      0x5b9 src/ASF/sam/drivers/usart/usart.o
 .debug_macro   0x000167be       0x28 src/ASF/sam/drivers/usart/usart.o
 .debug_macro   0x000167e6      0x582 src/ASF/sam/utils/cmsis/sam3x/source/templates/exceptions.o
 .debug_macro   0x00016d68      0x590 src/ASF/sam/utils/cmsis/sam3x/source/templates/gcc/startup_sam3x.o
 .debug_macro   0x000172f8      0x590 src/ASF/sam/utils/cmsis/sam3x/source/templates/system_sam3x.o
 .debug_macro   0x00017888       0x26 src/ASF/sam/utils/cmsis/sam3x/source/templates/system_sam3x.o
 .debug_macro   0x000178ae      0x595 src/ASF/sam/utils/header_files/efc.o
 .debug_macro   0x00017e43       0x6a src/ASF/sam/utils/header_files/efc.o
 .debug_macro   0x00017ead      0x64b src/ASF/sam/utils/header_files/flash_efc.o
 .debug_macro   0x000184f8      0x353 src/ASF/sam/utils/header_files/flash_efc.o
 .debug_macro   0x0001884b       0x10 src/ASF/sam/utils/header_files/flash_efc.o
 .debug_macro   0x0001885b       0xbd src/ASF/sam/utils/header_files/flash_efc.o
 .debug_macro   0x00018918       0x70 src/ASF/sam/utils/header_files/flash_efc.o
 .debug_macro   0x00018988       0x10 src/ASF/sam/utils/header_files/flash_efc.o
 .debug_macro   0x00018998      0x1d6 src/ASF/sam/utils/syscalls/gcc/syscalls.o
 .debug_macro   0x00018b6e       0x97 src/ASF/sam/utils/syscalls/gcc/syscalls.o
 .debug_macro   0x00018c05       0xf6 src/ASF/sam/utils/syscalls/gcc/syscalls.o
 .debug_macro   0x00018cfb       0x4c src/ASF/sam/utils/syscalls/gcc/syscalls.o
 .debug_macro   0x00018d47       0x16 src/ASF/sam/utils/syscalls/gcc/syscalls.o
 .debug_macro   0x00018d5d       0x10 src/ASF/sam/utils/syscalls/gcc/syscalls.o
 .debug_macro   0x00018d6d       0x10 src/ASF/sam/utils/syscalls/gcc/syscalls.o
 .debug_macro   0x00018d7d       0x35 src/ASF/sam/utils/syscalls/gcc/syscalls.o
 .debug_macro   0x00018db2      0x122 src/ASF/sam/utils/syscalls/gcc/syscalls.o
 .debug_macro   0x00018ed4      0x723 src/main.o

.debug_line     0x00000000     0xe77b
 .debug_line    0x00000000      0xcb6 src/ASF/common/services/clock/sam3x/sysclk.o
 .debug_line    0x00000cb6      0xb7f src/ASF/common/utils/interrupt/interrupt_sam_nvic.o
 .debug_line    0x00001835      0xb6a src/ASF/common/utils/stdio/read.o
 .debug_line    0x0000239f      0xb62 src/ASF/common/utils/stdio/write.o
 .debug_line    0x00002f01      0xd6a src/ASF/sam/boards/arduino_due_x/init.o
 .debug_line    0x00003c6b      0xeeb src/ASF/sam/drivers/pio/pio.o
 .debug_line    0x00004b56      0xc3b src/ASF/sam/drivers/pio/pio_handler.o
 .debug_line    0x00005791     0x10e4 src/ASF/sam/drivers/pmc/pmc.o
 .debug_line    0x00006875      0xd08 src/ASF/sam/drivers/tc/tc.o
 .debug_line    0x0000757d      0xd1d src/ASF/sam/drivers/uart/uart.o
 .debug_line    0x0000829a     0x1244 src/ASF/sam/drivers/usart/usart.o
 .debug_line    0x000094de      0xb45 src/ASF/sam/utils/cmsis/sam3x/source/templates/exceptions.o
 .debug_line    0x0000a023      0xb8e src/ASF/sam/utils/cmsis/sam3x/source/templates/gcc/startup_sam3x.o
 .debug_line    0x0000abb1      0xbc0 src/ASF/sam/utils/cmsis/sam3x/source/templates/system_sam3x.o
 .debug_line    0x0000b771      0xc7b src/ASF/sam/utils/header_files/efc.o
 .debug_line    0x0000c3ec      0xed8 src/ASF/sam/utils/header_files/flash_efc.o
 .debug_line    0x0000d2c4      0x40b src/ASF/sam/utils/syscalls/gcc/syscalls.o
 .debug_line    0x0000d6cf     0x10ac src/main.o

.debug_str      0x00000000    0x672a3
 .debug_str     0x00000000    0x62c5b src/ASF/common/services/clock/sam3x/sysclk.o
                              0x63031 (size before relaxing)
 .debug_str     0x00062c5b       0x94 src/ASF/common/utils/interrupt/interrupt_sam_nvic.o
                              0x5f012 (size before relaxing)
 .debug_str     0x00062cef       0x3f src/ASF/common/utils/stdio/read.o
                              0x5efbb (size before relaxing)
 .debug_str     0x00062d2e       0x2e src/ASF/common/utils/stdio/write.o
                              0x5efbc (size before relaxing)
 .debug_str     0x00062d5c      0xab6 src/ASF/sam/boards/arduino_due_x/init.o
                              0x63799 (size before relaxing)
 .debug_str     0x00063812      0x408 src/ASF/sam/drivers/pio/pio.o
                              0x5f966 (size before relaxing)
 .debug_str     0x00063c1a      0x42d src/ASF/sam/drivers/pio/pio_handler.o
                              0x5fa73 (size before relaxing)
 .debug_str     0x00064047      0x5cd src/ASF/sam/drivers/pmc/pmc.o
                              0x5f9d0 (size before relaxing)
 .debug_str     0x00064614      0x39e src/ASF/sam/drivers/tc/tc.o
                              0x5f36a (size before relaxing)
 .debug_str     0x000649b2      0x3b7 src/ASF/sam/drivers/uart/uart.o
                              0x5f387 (size before relaxing)
 .debug_str     0x00064d69      0xb95 src/ASF/sam/drivers/usart/usart.o
                              0x5fc38 (size before relaxing)
 .debug_str     0x000658fe       0x4d src/ASF/sam/utils/cmsis/sam3x/source/templates/exceptions.o
                              0x5efdb (size before relaxing)
 .debug_str     0x0006594b       0xf1 src/ASF/sam/utils/cmsis/sam3x/source/templates/gcc/startup_sam3x.o
                              0x5f0ef (size before relaxing)
 .debug_str     0x00065a3c      0x195 src/ASF/sam/utils/cmsis/sam3x/source/templates/system_sam3x.o
                              0x5f2b3 (size before relaxing)
 .debug_str     0x00065bd1      0x423 src/ASF/sam/utils/header_files/efc.o
                              0x5f422 (size before relaxing)
 .debug_str     0x00065ff4      0x4f1 src/ASF/sam/utils/header_files/flash_efc.o
                              0x6352f (size before relaxing)
 .debug_str     0x000664e5      0x768 src/ASF/sam/utils/syscalls/gcc/syscalls.o
                               0x7407 (size before relaxing)
 .debug_str     0x00066c4d      0x656 src/main.o
                              0x6484c (size before relaxing)

.debug_frame    0x00000000     0x24dc
 .debug_frame   0x00000000       0x58 src/ASF/common/services/clock/sam3x/sysclk.o
 .debug_frame   0x00000058       0x30 src/ASF/common/utils/interrupt/interrupt_sam_nvic.o
 .debug_frame   0x00000088       0x30 src/ASF/common/utils/stdio/read.o
 .debug_frame   0x000000b8       0x48 src/ASF/common/utils/stdio/write.o
 .debug_frame   0x00000100       0x28 src/ASF/sam/boards/arduino_due_x/init.o
 .debug_frame   0x00000128      0x2b8 src/ASF/sam/drivers/pio/pio.o
 .debug_frame   0x000003e0       0xf8 src/ASF/sam/drivers/pio/pio_handler.o
 .debug_frame   0x000004d8      0x404 src/ASF/sam/drivers/pmc/pmc.o
 .debug_frame   0x000008dc      0x1a8 src/ASF/sam/drivers/tc/tc.o
 .debug_frame   0x00000a84      0x1bc src/ASF/sam/drivers/uart/uart.o
 .debug_frame   0x00000c40      0x5cc src/ASF/sam/drivers/usart/usart.o
 .debug_frame   0x0000120c       0x20 src/ASF/sam/utils/cmsis/sam3x/source/templates/exceptions.o
 .debug_frame   0x0000122c       0x28 src/ASF/sam/utils/cmsis/sam3x/source/templates/gcc/startup_sam3x.o
 .debug_frame   0x00001254       0x40 src/ASF/sam/utils/cmsis/sam3x/source/templates/system_sam3x.o
 .debug_frame   0x00001294      0x138 src/ASF/sam/utils/header_files/efc.o
 .debug_frame   0x000013cc      0x208 src/ASF/sam/utils/header_files/flash_efc.o
 .debug_frame   0x000015d4       0xa0 src/ASF/sam/utils/syscalls/gcc/syscalls.o
 .debug_frame   0x00001674       0xd0 src/main.o
 .debug_frame   0x00001744       0x2c c:/program files (x86)/atmel/studio/7.0/toolchain/arm/arm-gnu-toolchain/bin/../lib/gcc/arm-none-eabi/6.3.1/../../../../arm-none-eabi/lib/thumb/v7-m\libc.a(lib_a-init.o)
 .debug_frame   0x00001770       0x78 c:/program files (x86)/atmel/studio/7.0/toolchain/arm/arm-gnu-toolchain/bin/../lib/gcc/arm-none-eabi/6.3.1/../../../../arm-none-eabi/lib/thumb/v7-m\libc.a(lib_a-iprintf.o)
 .debug_frame   0x000017e8       0x34 c:/program files (x86)/atmel/studio/7.0/toolchain/arm/arm-gnu-toolchain/bin/../lib/gcc/arm-none-eabi/6.3.1/../../../../arm-none-eabi/lib/thumb/v7-m\libc.a(lib_a-memset.o)
 .debug_frame   0x0000181c       0x20 c:/program files (x86)/atmel/studio/7.0/toolchain/arm/arm-gnu-toolchain/bin/../lib/gcc/arm-none-eabi/6.3.1/../../../../arm-none-eabi/lib/thumb/v7-m\libc.a(lib_a-setbuf.o)
 .debug_frame   0x0000183c       0x48 c:/program files (x86)/atmel/studio/7.0/toolchain/arm/arm-gnu-toolchain/bin/../lib/gcc/arm-none-eabi/6.3.1/../../../../arm-none-eabi/lib/thumb/v7-m\libc.a(lib_a-setvbuf.o)
 .debug_frame   0x00001884       0xd8 c:/program files (x86)/atmel/studio/7.0/toolchain/arm/arm-gnu-toolchain/bin/../lib/gcc/arm-none-eabi/6.3.1/../../../../arm-none-eabi/lib/thumb/v7-m\libc.a(lib_a-vfiprintf.o)
 .debug_frame   0x0000195c       0x2c c:/program files (x86)/atmel/studio/7.0/toolchain/arm/arm-gnu-toolchain/bin/../lib/gcc/arm-none-eabi/6.3.1/../../../../arm-none-eabi/lib/thumb/v7-m\libc.a(lib_a-wsetup.o)
 .debug_frame   0x00001988       0x5c c:/program files (x86)/atmel/studio/7.0/toolchain/arm/arm-gnu-toolchain/bin/../lib/gcc/arm-none-eabi/6.3.1/../../../../arm-none-eabi/lib/thumb/v7-m\libc.a(lib_a-__call_atexit.o)
 .debug_frame   0x000019e4       0x20 c:/program files (x86)/atmel/studio/7.0/toolchain/arm/arm-gnu-toolchain/bin/../lib/gcc/arm-none-eabi/6.3.1/../../../../arm-none-eabi/lib/thumb/v7-m\libc.a(lib_a-atexit.o)
 .debug_frame   0x00001a04       0x5c c:/program files (x86)/atmel/studio/7.0/toolchain/arm/arm-gnu-toolchain/bin/../lib/gcc/arm-none-eabi/6.3.1/../../../../arm-none-eabi/lib/thumb/v7-m\libc.a(lib_a-fflush.o)
 .debug_frame   0x00001a60      0x150 c:/program files (x86)/atmel/studio/7.0/toolchain/arm/arm-gnu-toolchain/bin/../lib/gcc/arm-none-eabi/6.3.1/../../../../arm-none-eabi/lib/thumb/v7-m\libc.a(lib_a-findfp.o)
 .debug_frame   0x00001bb0       0x34 c:/program files (x86)/atmel/studio/7.0/toolchain/arm/arm-gnu-toolchain/bin/../lib/gcc/arm-none-eabi/6.3.1/../../../../arm-none-eabi/lib/thumb/v7-m\libc.a(lib_a-fini.o)
 .debug_frame   0x00001be4       0x90 c:/program files (x86)/atmel/studio/7.0/toolchain/arm/arm-gnu-toolchain/bin/../lib/gcc/arm-none-eabi/6.3.1/../../../../arm-none-eabi/lib/thumb/v7-m\libc.a(lib_a-fputwc.o)
 .debug_frame   0x00001c74       0x74 c:/program files (x86)/atmel/studio/7.0/toolchain/arm/arm-gnu-toolchain/bin/../lib/gcc/arm-none-eabi/6.3.1/../../../../arm-none-eabi/lib/thumb/v7-m\libc.a(lib_a-freer.o)
 .debug_frame   0x00001ce8       0x68 c:/program files (x86)/atmel/studio/7.0/toolchain/arm/arm-gnu-toolchain/bin/../lib/gcc/arm-none-eabi/6.3.1/../../../../arm-none-eabi/lib/thumb/v7-m\libc.a(lib_a-fvwrite.o)
 .debug_frame   0x00001d50       0x54 c:/program files (x86)/atmel/studio/7.0/toolchain/arm/arm-gnu-toolchain/bin/../lib/gcc/arm-none-eabi/6.3.1/../../../../arm-none-eabi/lib/thumb/v7-m\libc.a(lib_a-fwalk.o)
 .debug_frame   0x00001da4       0x6c c:/program files (x86)/atmel/studio/7.0/toolchain/arm/arm-gnu-toolchain/bin/../lib/gcc/arm-none-eabi/6.3.1/../../../../arm-none-eabi/lib/thumb/v7-m\libc.a(lib_a-locale.o)
 .debug_frame   0x00001e10       0xb0 c:/program files (x86)/atmel/studio/7.0/toolchain/arm/arm-gnu-toolchain/bin/../lib/gcc/arm-none-eabi/6.3.1/../../../../arm-none-eabi/lib/thumb/v7-m\libc.a(lib_a-lock.o)
 .debug_frame   0x00001ec0       0x68 c:/program files (x86)/atmel/studio/7.0/toolchain/arm/arm-gnu-toolchain/bin/../lib/gcc/arm-none-eabi/6.3.1/../../../../arm-none-eabi/lib/thumb/v7-m\libc.a(lib_a-makebuf.o)
 .debug_frame   0x00001f28       0x30 c:/program files (x86)/atmel/studio/7.0/toolchain/arm/arm-gnu-toolchain/bin/../lib/gcc/arm-none-eabi/6.3.1/../../../../arm-none-eabi/lib/thumb/v7-m\libc.a(lib_a-malloc.o)
 .debug_frame   0x00001f58       0x54 c:/program files (x86)/atmel/studio/7.0/toolchain/arm/arm-gnu-toolchain/bin/../lib/gcc/arm-none-eabi/6.3.1/../../../../arm-none-eabi/lib/thumb/v7-m\libc.a(lib_a-mallocr.o)
 .debug_frame   0x00001fac       0x4c c:/program files (x86)/atmel/studio/7.0/toolchain/arm/arm-gnu-toolchain/bin/../lib/gcc/arm-none-eabi/6.3.1/../../../../arm-none-eabi/lib/thumb/v7-m\libc.a(lib_a-mbtowc_r.o)
 .debug_frame   0x00001ff8       0x34 c:/program files (x86)/atmel/studio/7.0/toolchain/arm/arm-gnu-toolchain/bin/../lib/gcc/arm-none-eabi/6.3.1/../../../../arm-none-eabi/lib/thumb/v7-m\libc.a(lib_a-memchr-stub.o)
 .debug_frame   0x0000202c       0x30 c:/program files (x86)/atmel/studio/7.0/toolchain/arm/arm-gnu-toolchain/bin/../lib/gcc/arm-none-eabi/6.3.1/../../../../arm-none-eabi/lib/thumb/v7-m\libc.a(lib_a-memmove.o)
 .debug_frame   0x0000205c       0x30 c:/program files (x86)/atmel/studio/7.0/toolchain/arm/arm-gnu-toolchain/bin/../lib/gcc/arm-none-eabi/6.3.1/../../../../arm-none-eabi/lib/thumb/v7-m\libc.a(lib_a-mlock.o)
 .debug_frame   0x0000208c       0x68 c:/program files (x86)/atmel/studio/7.0/toolchain/arm/arm-gnu-toolchain/bin/../lib/gcc/arm-none-eabi/6.3.1/../../../../arm-none-eabi/lib/thumb/v7-m\libc.a(lib_a-reallocr.o)
 .debug_frame   0x000020f4       0x2c c:/program files (x86)/atmel/studio/7.0/toolchain/arm/arm-gnu-toolchain/bin/../lib/gcc/arm-none-eabi/6.3.1/../../../../arm-none-eabi/lib/thumb/v7-m\libc.a(lib_a-sbrkr.o)
 .debug_frame   0x00002120       0x88 c:/program files (x86)/atmel/studio/7.0/toolchain/arm/arm-gnu-toolchain/bin/../lib/gcc/arm-none-eabi/6.3.1/../../../../arm-none-eabi/lib/thumb/v7-m\libc.a(lib_a-stdio.o)
 .debug_frame   0x000021a8       0x20 c:/program files (x86)/atmel/studio/7.0/toolchain/arm/arm-gnu-toolchain/bin/../lib/gcc/arm-none-eabi/6.3.1/../../../../arm-none-eabi/lib/thumb/v7-m\libc.a(lib_a-strlen-stub.o)
 .debug_frame   0x000021c8       0x40 c:/program files (x86)/atmel/studio/7.0/toolchain/arm/arm-gnu-toolchain/bin/../lib/gcc/arm-none-eabi/6.3.1/../../../../arm-none-eabi/lib/thumb/v7-m\libc.a(lib_a-wbuf.o)
 .debug_frame   0x00002208       0x5c c:/program files (x86)/atmel/studio/7.0/toolchain/arm/arm-gnu-toolchain/bin/../lib/gcc/arm-none-eabi/6.3.1/../../../../arm-none-eabi/lib/thumb/v7-m\libc.a(lib_a-wcrtomb.o)
 .debug_frame   0x00002264       0x3c c:/program files (x86)/atmel/studio/7.0/toolchain/arm/arm-gnu-toolchain/bin/../lib/gcc/arm-none-eabi/6.3.1/../../../../arm-none-eabi/lib/thumb/v7-m\libc.a(lib_a-wctomb_r.o)
 .debug_frame   0x000022a0       0x30 c:/program files (x86)/atmel/studio/7.0/toolchain/arm/arm-gnu-toolchain/bin/../lib/gcc/arm-none-eabi/6.3.1/../../../../arm-none-eabi/lib/thumb/v7-m\libc.a(lib_a-writer.o)
 .debug_frame   0x000022d0       0x34 c:/program files (x86)/atmel/studio/7.0/toolchain/arm/arm-gnu-toolchain/bin/../lib/gcc/arm-none-eabi/6.3.1/../../../../arm-none-eabi/lib/thumb/v7-m\libc.a(lib_a-__atexit.o)
 .debug_frame   0x00002304       0x2c c:/program files (x86)/atmel/studio/7.0/toolchain/arm/arm-gnu-toolchain/bin/../lib/gcc/arm-none-eabi/6.3.1/../../../../arm-none-eabi/lib/thumb/v7-m\libc.a(lib_a-closer.o)
 .debug_frame   0x00002330       0x3c c:/program files (x86)/atmel/studio/7.0/toolchain/arm/arm-gnu-toolchain/bin/../lib/gcc/arm-none-eabi/6.3.1/../../../../arm-none-eabi/lib/thumb/v7-m\libc.a(lib_a-fclose.o)
 .debug_frame   0x0000236c       0x2c c:/program files (x86)/atmel/studio/7.0/toolchain/arm/arm-gnu-toolchain/bin/../lib/gcc/arm-none-eabi/6.3.1/../../../../arm-none-eabi/lib/thumb/v7-m\libc.a(lib_a-fstatr.o)
 .debug_frame   0x00002398       0x2c c:/program files (x86)/atmel/studio/7.0/toolchain/arm/arm-gnu-toolchain/bin/../lib/gcc/arm-none-eabi/6.3.1/../../../../arm-none-eabi/lib/thumb/v7-m\libc.a(lib_a-isattyr.o)